Component: Arm Compiler for Embedded 6.19 Tool: armlink [5e73cb00]

==============================================================================

Section Cross References

    paula.o(.text.main) refers to paula.o(.text._Z12SysTick_Initv) for SysTick_Init()
    paula.o(.text.main) refers to paula.o(.text._Z10RCC_configv) for RCC_config()
    paula.o(.text.main) refers to paula.o(.text._Z11GPIO_configv) for GPIO_config()
    paula.o(.text.main) refers to paula.o(.text._Z12USART_configv) for USART_config()
    paula.o(.ARM.exidx.text.main) refers to paula.o(.text.main) for [Anonymous Symbol]
    paula.o(.ARM.exidx.text._Z12SysTick_Initv) refers to paula.o(.text._Z12SysTick_Initv) for [Anonymous Symbol]
    paula.o(.ARM.exidx.text._Z10RCC_configv) refers to paula.o(.text._Z10RCC_configv) for [Anonymous Symbol]
    paula.o(.ARM.exidx.text._Z11GPIO_configv) refers to paula.o(.text._Z11GPIO_configv) for [Anonymous Symbol]
    paula.o(.text._Z12USART_configv) refers to paula.o(.bss.Over8) for Over8
    paula.o(.text._Z12USART_configv) refers to paula.o(.bss.BAUDRATE) for BAUDRATE
    paula.o(.text._Z12USART_configv) refers to paula.o(.text._ZL18__NVIC_SetPriority9IRQn_Typej) for __NVIC_SetPriority(IRQn_Type, unsigned int)
    paula.o(.text._Z12USART_configv) refers to paula.o(.text._ZL16__NVIC_EnableIRQ9IRQn_Type) for __NVIC_EnableIRQ(IRQn_Type)
    paula.o(.ARM.exidx.text._Z12USART_configv) refers to paula.o(.text._Z12USART_configv) for [Anonymous Symbol]
    paula.o(.text.UART5_IRQHandler) refers to paula.o(.bss.i) for i
    paula.o(.text.UART5_IRQHandler) refers to paula.o(.bss.dato) for dato
    paula.o(.text.UART5_IRQHandler) refers to paula.o(.rodata.str1.1) for .L.str
    paula.o(.text.UART5_IRQHandler) refers to paula.o(.bss.ctd) for ctd
    paula.o(.text.UART5_IRQHandler) refers to sscanf.o(.text) for sscanf
    paula.o(.text.UART5_IRQHandler) refers to strcmpv7m_pel.o(.text) for strcmp
    paula.o(.text.UART5_IRQHandler) refers to paula.o(.bss.posn) for posn
    paula.o(.text.UART5_IRQHandler) refers to paula.o(.bss.melo) for melo
    paula.o(.text.UART5_IRQHandler) refers to paula.o(.bss.posan) for posan
    paula.o(.text.UART5_IRQHandler) refers to paula.o(.bss.guardar) for guardar
    paula.o(.text.UART5_IRQHandler) refers to paula.o(.text._Z7angulosi) for angulos(int)
    paula.o(.text.UART5_IRQHandler) refers to paula.o(.data.pos) for pos
    paula.o(.text.UART5_IRQHandler) refers to paula.o(.bss.Menos) for Menos
    paula.o(.text.UART5_IRQHandler) refers to paula.o(.data.Mas) for Mas
    paula.o(.ARM.exidx.text.UART5_IRQHandler) refers to paula.o(.text.UART5_IRQHandler) for [Anonymous Symbol]
    paula.o(.text._Z7angulosi) refers to paula.o(.text._Z15SysTick_Wait1msj) for SysTick_Wait1ms(unsigned int)
    paula.o(.ARM.exidx.text._Z7angulosi) refers to paula.o(.text._Z7angulosi) for [Anonymous Symbol]
    paula.o(.ARM.exidx.text._ZL18__NVIC_SetPriority9IRQn_Typej) refers to paula.o(.text._ZL18__NVIC_SetPriority9IRQn_Typej) for [Anonymous Symbol]
    paula.o(.ARM.exidx.text._ZL16__NVIC_EnableIRQ9IRQn_Type) refers to paula.o(.text._ZL16__NVIC_EnableIRQ9IRQn_Type) for [Anonymous Symbol]
    paula.o(.ARM.exidx.text._Z14USART_SendChari) refers to paula.o(.text._Z14USART_SendChari) for [Anonymous Symbol]
    paula.o(.text._Z16USART_SendStringPc) refers to paula.o(.bss.tx) for tx
    paula.o(.text._Z16USART_SendStringPc) refers to strncpy.o(.text) for strncpy
    paula.o(.text._Z16USART_SendStringPc) refers to paula.o(.bss.txi) for txi
    paula.o(.text._Z16USART_SendStringPc) refers to strlen.o(.text) for strlen
    paula.o(.text._Z16USART_SendStringPc) refers to paula.o(.text._Z14USART_SendChari) for USART_SendChar(int)
    paula.o(.ARM.exidx.text._Z16USART_SendStringPc) refers to paula.o(.text._Z16USART_SendStringPc) for [Anonymous Symbol]
    paula.o(.ARM.exidx.text._Z12SysTick_Waitj) refers to paula.o(.text._Z12SysTick_Waitj) for [Anonymous Symbol]
    paula.o(.text._Z15SysTick_Wait1msj) refers to paula.o(.text._Z12SysTick_Waitj) for SysTick_Wait(unsigned int)
    paula.o(.ARM.exidx.text._Z15SysTick_Wait1msj) refers to paula.o(.text._Z15SysTick_Wait1msj) for [Anonymous Symbol]
    startup_stm32f767xx.o(STACK) refers (Special) to heapauxi.o(.text) for __use_two_region_memory
    startup_stm32f767xx.o(HEAP) refers (Special) to heapauxi.o(.text) for __use_two_region_memory
    startup_stm32f767xx.o(RESET) refers (Special) to heapauxi.o(.text) for __use_two_region_memory
    startup_stm32f767xx.o(RESET) refers to startup_stm32f767xx.o(STACK) for __initial_sp
    startup_stm32f767xx.o(RESET) refers to startup_stm32f767xx.o(.text) for Reset_Handler
    startup_stm32f767xx.o(RESET) refers to paula.o(.text.UART5_IRQHandler) for UART5_IRQHandler
    startup_stm32f767xx.o(.text) refers (Special) to heapauxi.o(.text) for __use_two_region_memory
    startup_stm32f767xx.o(.text) refers to system_stm32f7xx.o(.text.SystemInit) for SystemInit
    startup_stm32f767xx.o(.text) refers to __main.o(!!!main) for __main
[...]
    ldexp.o(i.__hardfp_ldexp) refers to scalbn.o(x$fpl$scalbn) for __ARM_scalbn
    ldexp.o(i.__hardfp_ldexp) refers to _rserrno.o(.text) for __set_errno
    ldexp.o(i.__hardfp_ldexp) refers to dunder.o(i.__mathlib_dbl_underflow) for __mathlib_dbl_underflow
    ldexp.o(i.__hardfp_ldexp) refers to dunder.o(i.__mathlib_dbl_overflow) for __mathlib_dbl_overflow
    ldexp.o(i.__softfp_ldexp) refers (Special) to usenofp.o(x$fpl$usenofp) for __I$use$fp
    ldexp.o(i.__softfp_ldexp) refers to scalbn.o(x$fpl$scalbn) for __ARM_scalbn
    ldexp.o(i.__softfp_ldexp) refers to _rserrno.o(.text) for __set_errno
    ldexp.o(i.__softfp_ldexp) refers to dunder.o(i.__mathlib_dbl_underflow) for __mathlib_dbl_underflow
    ldexp.o(i.__softfp_ldexp) refers to dunder.o(i.__mathlib_dbl_overflow) for __mathlib_dbl_overflow
    ldexp.o(i.__support_ldexp) refers (Special) to usenofp.o(x$fpl$usenofp) for __I$use$fp
    ldexp.o(i.__support_ldexp) refers to scalbn.o(x$fpl$scalbn) for __ARM_scalbn
    ldexp.o(i.__support_ldexp) refers to _rserrno.o(.text) for __set_errno
    ldexp.o(i.__support_ldexp) refers to dunder.o(i.__mathlib_dbl_underflow) for __mathlib_dbl_underflow
    ldexp.o(i.__support_ldexp) refers to dunder.o(i.__mathlib_dbl_overflow) for __mathlib_dbl_overflow
    ldexp.o(i.ldexp) refers (Special) to usenofp.o(x$fpl$usenofp) for __I$use$fp
    ldexp.o(i.ldexp) refers to scalbn.o(x$fpl$scalbn) for __ARM_scalbn
    ldexp.o(i.ldexp) refers to _rserrno.o(.text) for __set_errno
    ldexp.o(i.ldexp) refers to dunder.o(i.__mathlib_dbl_underflow) for __mathlib_dbl_underflow
    ldexp.o(i.ldexp) refers to dunder.o(i.__mathlib_dbl_overflow) for __mathlib_dbl_overflow
    sys_exit.o(.text) refers (Special) to use_no_semi.o(.text) for __I$use$semihosting
    sys_exit.o(.text) refers (Special) to indicate_semi.o(.text) for __semihosting_library_function
    sys_exit_hlt.o(.text) refers (Special) to use_no_semi.o(.text) for __I$use$semihosting
    sys_exit_hlt.o(.text) refers (Special) to indicate_semi.o(.text) for __semihosting_library_function
    _get_argv_nomalloc.o(.text) refers (Special) to hrguard.o(.text) for __heap_region$guard
    _get_argv_nomalloc.o(.text) refers to defsig_rtmem_outer.o(.text) for __rt_SIGRTMEM
    _get_argv_nomalloc.o(.text) refers to sys_command.o(.text) for _sys_command_string
    libshutdown.o(.ARM.Collect$$libshutdown$$00000000) refers (Special) to libshutdown2.o(.ARM.Collect$$libshutdown$$00000002) for __rt_lib_shutdown_cpp_1
    libshutdown.o(.ARM.Collect$$libshutdown$$00000000) refers (Special) to libshutdown2.o(.ARM.Collect$$libshutdown$$00000007) for __rt_lib_shutdown_fp_trap_1
    libshutdown.o(.ARM.Collect$$libshutdown$$00000000) refers (Special) to libshutdown2.o(.ARM.Collect$$libshutdown$$0000000F) for __rt_lib_shutdown_heap_1
    libshutdown.o(.ARM.Collect$$libshutdown$$00000000) refers (Special) to libshutdown2.o(.ARM.Collect$$libshutdown$$00000010) for __rt_lib_shutdown_return
    libshutdown.o(.ARM.Collect$$libshutdown$$00000000) refers (Special) to libshutdown2.o(.ARM.Collect$$libshutdown$$0000000A) for __rt_lib_shutdown_signal_1
    libshutdown.o(.ARM.Collect$$libshutdown$$00000000) refers (Special) to libshutdown2.o(.ARM.Collect$$libshutdown$$00000004) for __rt_lib_shutdown_stdio_1
    libshutdown.o(.ARM.Collect$$libshutdown$$00000000) refers (Special) to libshutdown2.o(.ARM.Collect$$libshutdown$$0000000C) for __rt_lib_shutdown_user_alloc_1
    scalbn.o(x$fpl$scalbn) refers (Special) to usenofp.o(x$fpl$usenofp) for __I$use$fp
    scalbn.o(x$fpl$scalbn) refers to dcheck1.o(x$fpl$dcheck1) for __fpl_dcheck_NaN1
    sys_command.o(.text) refers (Special) to use_no_semi.o(.text) for __I$use$semihosting
    sys_command.o(.text) refers (Special) to indicate_semi.o(.text) for __semihosting_library_function
    sys_command_hlt.o(.text) refers (Special) to use_no_semi.o(.text) for __I$use$semihosting
    sys_command_hlt.o(.text) refers (Special) to indicate_semi.o(.text) for __semihosting_library_function
    defsig_rtmem_outer.o(.text) refers to defsig_rtmem_inner.o(.text) for __rt_SIGRTMEM_inner
    defsig_rtmem_outer.o(.text) refers to defsig_exit.o(.text) for __sig_exit
    defsig_rtmem_formal.o(.text) refers to rt_raise.o(.text) for __rt_raise
    dcheck1.o(x$fpl$dcheck1) refers (Special) to usenofp.o(x$fpl$usenofp) for __I$use$fp
    dcheck1.o(x$fpl$dcheck1) refers to retnan.o(x$fpl$retnan) for __fpl_return_NaN
    rt_raise.o(.text) refers to __raise.o(.text) for __raise
    rt_raise.o(.text) refers to sys_exit.o(.text) for _sys_exit
    defsig_exit.o(.text) refers to sys_exit.o(.text) for _sys_exit
    defsig_rtmem_inner.o(.text) refers to defsig_general.o(.text) for __default_signal_display
    retnan.o(x$fpl$retnan) refers (Special) to usenofp.o(x$fpl$usenofp) for __I$use$fp
    retnan.o(x$fpl$retnan) refers to trapv.o(x$fpl$trapveneer) for __fpl_cmpreturn
    __raise.o(.text) refers to defsig.o(CL$$defsig) for __default_signal_handler
    defsig_general.o(.text) refers to sys_wrch.o(.text) for _ttywrch
    trapv.o(x$fpl$trapveneer) refers (Special) to usenofp.o(x$fpl$usenofp) for __I$use$fp
    sys_wrch.o(.text) refers (Special) to use_no_semi.o(.text) for __I$use$semihosting
    sys_wrch.o(.text) refers (Special) to indicate_semi.o(.text) for __semihosting_library_function
    sys_wrch_hlt.o(.text) refers (Special) to use_no_semi.o(.text) for __I$use$semihosting
    sys_wrch_hlt.o(.text) refers (Special) to indicate_semi.o(.text) for __semihosting_library_function
    defsig.o(CL$$defsig) refers to defsig_rtmem_inner.o(.text) for __rt_SIGRTMEM_inner
    defsig_abrt_inner.o(.text) refers to defsig_general.o(.text) for __default_signal_display
    defsig_fpe_inner.o(.text) refers to defsig_general.o(.text) for __default_signal_display
    defsig_rtred_inner.o(.text) refers to defsig_general.o(.text) for __default_signal_display
    defsig_stak_inner.o(.text) refers to defsig_general.o(.text) for __default_signal_display
    defsig_pvfn_inner.o(.text) refers to defsig_general.o(.text) for __default_signal_display
    defsig_cppl_inner.o(.text) refers to defsig_general.o(.text) for __default_signal_display
    defsig_segv_inner.o(.text) refers to defsig_general.o(.text) for __default_signal_display
    defsig_other.o(.text) refers to defsig_general.o(.text) for __default_signal_display
    scanf_fp.o(i._is_digit) refers (Special) to usenofp.o(x$fpl$usenofp) for __I$use$fp
    scanf_fp.o(i._is_digit) refers (Special) to lc_numeric_c.o(locale$$code) for _get_lc_numeric


==============================================================================

Removing Unused input sections from the image.

    Removing paula.o(.text), (0 bytes).
    Removing paula.o(.ARM.exidx.text.main), (8 bytes).
    Removing paula.o(.ARM.exidx.text._Z12SysTick_Initv), (8 bytes).
    Removing paula.o(.ARM.exidx.text._Z10RCC_configv), (8 bytes).
    Removing paula.o(.ARM.exidx.text._Z11GPIO_configv), (8 bytes).
    Removing paula.o(.ARM.exidx.text._Z12USART_configv), (8 bytes).
    Removing paula.o(.ARM.exidx.text.UART5_IRQHandler), (8 bytes).
    Removing paula.o(.ARM.exidx.text._Z7angulosi), (8 bytes).
    Removing paula.o(.ARM.exidx.text._ZL18__NVIC_SetPriority9IRQn_Typej), (8 bytes).
    Removing paula.o(.ARM.exidx.text._ZL16__NVIC_EnableIRQ9IRQn_Type), (8 bytes).
    Removing paula.o(.text._Z14USART_SendChari), (42 bytes).
    Removing paula.o(.ARM.exidx.text._Z14USART_SendChari), (8 bytes).
    Removing paula.o(.text._Z16USART_SendStringPc), (104 bytes).
    Removing paula.o(.ARM.exidx.text._Z16USART_SendStringPc), (8 bytes).
    Removing paula.o(.ARM.exidx.text._Z12SysTick_Waitj), (8 bytes).
    Removing paula.o(.ARM.exidx.text._Z15SysTick_Wait1msj), (8 bytes).
    Removing paula.o(.bss.tx), (30 bytes).
    Removing paula.o(.bss.Cad), (6 bytes).
    Removing paula.o(.bss.c), (4 bytes).
    Removing paula.o(.bss.txi), (4 bytes).
    Removing paula.o(.bss.RPM), (4 bytes).
    Removing paula.o(.bss.buzzer_DAC), (4 bytes).
    Removing paula.o(.bss.x), (4 bytes).
    Removing paula.o(.bss.Vol), (4 bytes).
    Removing paula.o(.ARM.use_no_argv), (4 bytes).
    Removing system_stm32f7xx.o(.text), (0 bytes).
    Removing system_stm32f7xx.o(.ARM.exidx.text.SystemInit), (8 bytes).
    Removing system_stm32f7xx.o(.text.SystemCoreClockUpdate), (302 bytes).
    Removing system_stm32f7xx.o(.ARM.exidx.text.SystemCoreClockUpdate), (8 bytes).
    Removing system_stm32f7xx.o(.data.SystemCoreClock), (4 bytes).
    Removing system_stm32f7xx.o(.rodata.AHBPrescTable), (16 bytes).
    Removing system_stm32f7xx.o(.rodata.APBPrescTable), (8 bytes).

32 unused section(s) (total 660 bytes) removed from the image.

==============================================================================

Image Symbol Table

    Local Symbols

    Symbol Name                              Value     Ov Type        Size  Object(Section)

    ../clib/angel/boardlib.s                 0x00000000   Number         0  boardinit1.o ABSOLUTE
    ../clib/angel/boardlib.s                 0x00000000   Number         0  boardinit2.o ABSOLUTE
    ../clib/angel/boardlib.s                 0x00000000   Number         0  boardinit3.o ABSOLUTE
    ../clib/angel/boardlib.s                 0x00000000   Number         0  boardshut.o ABSOLUTE
    ../clib/angel/handlers.s                 0x00000000   Number         0  __scatter_copy.o ABSOLUTE
    ../clib/angel/handlers.s                 0x00000000   Number         0  __scatter_zi.o ABSOLUTE
    ../clib/angel/kernel.s                   0x00000000   Number         0  __rtentry.o ABSOLUTE
    ../clib/angel/kernel.s                   0x00000000   Number         0  __rtentry2.o ABSOLUTE
    ../clib/angel/kernel.s                   0x00000000   Number         0  __rtentry4.o ABSOLUTE
    ../clib/angel/kernel.s                   0x00000000   Number         0  rtexit.o ABSOLUTE
    ../clib/angel/kernel.s                   0x00000000   Number         0  rtexit2.o ABSOLUTE
    ../clib/angel/rt.s                       0x00000000   Number         0  rt_ctype_table.o ABSOLUTE
    ../clib/angel/rt.s                       0x00000000   Number         0  rt_locale.o ABSOLUTE
    ../clib/angel/rt.s                       0x00000000   Number         0  rt_locale_intlibspace.o ABSOLUTE
    ../clib/angel/rt.s                       0x00000000   Number         0  rt_errno_addr.o ABSOLUTE
    ../clib/angel/rt.s                       0x00000000   Number         0  rt_errno_addr_intlibspace.o ABSOLUTE
    ../clib/angel/rt.s                       0x00000000   Number         0  rt_raise.o ABSOLUTE
    ../clib/angel/scatter.s                  0x00000000   Number         0  __scatter.o ABSOLUTE
    ../clib/angel/startup.s                  0x00000000   Number         0  __main.o ABSOLUTE
    ../clib/angel/sys.s                      0x00000000   Number         0  sys_stackheap_outer.o ABSOLUTE
    ../clib/angel/sys.s                      0x00000000   Number         0  libspace.o ABSOLUTE
    ../clib/angel/sys.s                      0x00000000   Number         0  use_no_semi.o ABSOLUTE
    ../clib/angel/sys.s                      0x00000000   Number         0  indicate_semi.o ABSOLUTE
    ../clib/angel/sysapp.c                   0x00000000   Number         0  sys_exit.o ABSOLUTE
    ../clib/angel/sysapp.c                   0x00000000   Number         0  sys_exit_hlt.o ABSOLUTE
    ../clib/angel/sysapp.c                   0x00000000   Number         0  sys_command.o ABSOLUTE
    ../clib/angel/sysapp.c                   0x00000000   Number         0  sys_command_hlt.o ABSOLUTE
    ../clib/angel/sysapp.c                   0x00000000   Number         0  sys_wrch.o ABSOLUTE
    ../clib/angel/sysapp.c                   0x00000000   Number         0  sys_wrch_hlt.o ABSOLUTE
    ../clib/armsys.c                         0x00000000   Number         0  argv_veneer.o ABSOLUTE
    ../clib/armsys.c                         0x00000000   Number         0  argv_veneer.o ABSOLUTE
    ../clib/armsys.c                         0x00000000   Number         0  _get_argv_nomalloc.o ABSOLUTE
    ../clib/armsys.c                         0x00000000   Number         0  no_argv.o ABSOLUTE
    ../clib/bigflt.c                         0x00000000   Number         0  bigflt0.o ABSOLUTE
    ../clib/btod.s                           0x00000000   Number         0  btod.o ABSOLUTE
    ../clib/btod_accurate.c                  0x00000000   Number         0  dtob_accurate.o ABSOLUTE
    ../clib/btod_accurate.c                  0x00000000   Number         0  btod_accurate_common.o ABSOLUTE
    ../clib/ctype.c                          0x00000000   Number         0  isspace.o ABSOLUTE
    ../clib/fenv.c                           0x00000000   Number         0  _rserrno.o ABSOLUTE
    ../clib/heapalloc.c                      0x00000000   Number         0  hrguard.o ABSOLUTE
    ../clib/heapaux.c                        0x00000000   Number         0  heapauxi.o ABSOLUTE
    ../clib/libinit.s                        0x00000000   Number         0  libinit.o ABSOLUTE
    ../clib/libinit.s                        0x00000000   Number         0  libinit2.o ABSOLUTE
    ../clib/libinit.s                        0x00000000   Number         0  libshutdown.o ABSOLUTE
    ../clib/libinit.s                        0x00000000   Number         0  libshutdown2.o ABSOLUTE
    ../clib/locale.c                         0x00000000   Number         0  _mbrtoc16.o ABSOLUTE
    ../clib/locale.c                         0x00000000   Number         0  _c16rtomb.o ABSOLUTE
    ../clib/locale.s                         0x00000000   Number         0  lc_numeric_c.o ABSOLUTE
    ../clib/locale.s                         0x00000000   Number         0  lc_ctype_c.o ABSOLUTE
    ../clib/longlong.s                       0x00000000   Number         0  llshl.o ABSOLUTE
    ../clib/longlong.s                       0x00000000   Number         0  llushr.o ABSOLUTE
    ../clib/memcpset.s                       0x00000000   Number         0  strncpy.o ABSOLUTE
    ../clib/memcpset.s                       0x00000000   Number         0  strcmpv7m_pel.o ABSOLUTE
    ../clib/memcpset.s                       0x00000000   Number         0  rt_memclr.o ABSOLUTE
    ../clib/memcpset.s                       0x00000000   Number         0  rt_memclr_w.o ABSOLUTE
    ../clib/printf.c                         0x00000000   Number         0  __printf_wp.o ABSOLUTE
    ../clib/printf.c                         0x00000000   Number         0  __printf.o ABSOLUTE
    ../clib/printf.c                         0x00000000   Number         0  __printf_flags.o ABSOLUTE
    ../clib/printf.c                         0x00000000   Number         0  __printf_ss.o ABSOLUTE
    ../clib/printf.c                         0x00000000   Number         0  __printf_flags_ss.o ABSOLUTE
    ../clib/printf.c                         0x00000000   Number         0  __printf_flags_wp.o ABSOLUTE
    ../clib/printf.c                         0x00000000   Number         0  __printf_ss_wp.o ABSOLUTE
    ../clib/printf.c                         0x00000000   Number         0  __printf_flags_ss_wp.o ABSOLUTE
    ../clib/printf_percent.s                 0x00000000   Number         0  _printf_percent.o ABSOLUTE
    ../clib/printf_percent.s                 0x00000000   Number         0  _printf_percent_end.o ABSOLUTE
    ../clib/scanf.c                          0x00000000   Number         0  sscanf.o ABSOLUTE
    ../clib/scanf.c                          0x00000000   Number         0  _scanf_longlong.o ABSOLUTE
    ../clib/scanf.c                          0x00000000   Number         0  _scanf_int.o ABSOLUTE
    ../clib/scanf.c                          0x00000000   Number         0  _scanf_str.o ABSOLUTE
    ../clib/scanf.c                          0x00000000   Number         0  scanf_char.o ABSOLUTE
    ../clib/scanf.c                          0x00000000   Number         0  _sgetc.o ABSOLUTE
    ../clib/scanf.c                          0x00000000   Number         0  _scanf_mbtowc.o ABSOLUTE
    ../clib/scanf.c                          0x00000000   Number         0  _scanf_wctomb.o ABSOLUTE
    ../clib/scanf.c                          0x00000000   Number         0  _scanf_wstr.o ABSOLUTE
    ../clib/scanf.c                          0x00000000   Number         0  _chval.o ABSOLUTE
    ../clib/scanf.c                          0x00000000   Number         0  _scanf.o ABSOLUTE
    ../clib/scanf.c                          0x00000000   Number         0  scanf_fp.o ABSOLUTE
    ../clib/scanf.c                          0x00000000   Number         0  scanf_fp_accurate.o ABSOLUTE
    ../clib/scanf.c                          0x00000000   Number         0  _scanf_wcharmap.o ABSOLUTE
    ../clib/scanf.c                          0x00000000   Number         0  scanf_hexfp.o ABSOLUTE
    ../clib/scanf.c                          0x00000000   Number         0  scanf_infnan.o ABSOLUTE
    ../clib/signal.c                         0x00000000   Number         0  defsig_rtmem_outer.o ABSOLUTE
    ../clib/signal.c                         0x00000000   Number         0  defsig_rtmem_formal.o ABSOLUTE
    ../clib/signal.c                         0x00000000   Number         0  defsig_exit.o ABSOLUTE
    ../clib/signal.c                         0x00000000   Number         0  defsig_rtmem_inner.o ABSOLUTE
    ../clib/signal.c                         0x00000000   Number         0  __raise.o ABSOLUTE
    ../clib/signal.c                         0x00000000   Number         0  defsig_general.o ABSOLUTE
    ../clib/signal.c                         0x00000000   Number         0  defsig_abrt_inner.o ABSOLUTE
    ../clib/signal.c                         0x00000000   Number         0  defsig_fpe_inner.o ABSOLUTE
    ../clib/signal.c                         0x00000000   Number         0  defsig_rtred_inner.o ABSOLUTE
    ../clib/signal.c                         0x00000000   Number         0  defsig_stak_inner.o ABSOLUTE
    ../clib/signal.c                         0x00000000   Number         0  defsig_pvfn_inner.o ABSOLUTE
    ../clib/signal.c                         0x00000000   Number         0  defsig_cppl_inner.o ABSOLUTE
    ../clib/signal.c                         0x00000000   Number         0  defsig_segv_inner.o ABSOLUTE
    ../clib/signal.c                         0x00000000   Number         0  defsig_other.o ABSOLUTE
    ../clib/signal.s                         0x00000000   Number         0  defsig.o ABSOLUTE
    ../clib/stdlib.c                         0x00000000   Number         0  exit.o ABSOLUTE
    ../clib/string.c                         0x00000000   Number         0  strlen.o ABSOLUTE
    ../fplib/dcheck1.s                       0x00000000   Number         0  dcheck1.o ABSOLUTE
    ../fplib/fpconst.s                       0x00000000   Number         0  fpconst.o ABSOLUTE
    ../fplib/fpinit.s                        0x00000000   Number         0  fpinit.o ABSOLUTE
    ../fplib/istatus.s                       0x00000000   Number         0  istatus.o ABSOLUTE
    ../fplib/retnan.s                        0x00000000   Number         0  retnan.o ABSOLUTE
    ../fplib/scalbn.s                        0x00000000   Number         0  scalbn.o ABSOLUTE
    ../fplib/scanf1.s                        0x00000000   Number         0  scanf1.o ABSOLUTE
    ../fplib/scanf2.s                        0x00000000   Number         0  scanf2.o ABSOLUTE
    ../fplib/scanf2a.s                       0x00000000   Number         0  scanf2a.o ABSOLUTE
    ../fplib/scanf2b.s                       0x00000000   Number         0  scanf2b.o ABSOLUTE
    ../fplib/trapv.s                         0x00000000   Number         0  trapv.o ABSOLUTE
    ../fplib/usenofp.s                       0x00000000   Number         0  usenofp.o ABSOLUTE
    ../mathlib/dunder.c                      0x00000000   Number         0  dunder.o ABSOLUTE
    ../mathlib/frexp.c                       0x00000000   Number         0  frexp.o ABSOLUTE
    ../mathlib/ldexp.c                       0x00000000   Number         0  ldexp.o ABSOLUTE
    ../mathlib/narrow.c                      0x00000000   Number         0  narrow.o ABSOLUTE
    RTE/Device/STM32F767ZITx/startup_stm32f767xx.s 0x00000000   Number         0  startup_stm32f767xx.o ABSOLUTE
    dc.s                                     0x00000000   Number         0  dc.o ABSOLUTE
    paula.cpp                                0x00000000   Number         0  paula.o ABSOLUTE
    system_stm32f7xx.c                       0x00000000   Number         0  system_stm32f7xx.o ABSOLUTE
    RESET                                    0x08000000   Section      504  startup_stm32f767xx.o(RESET)
    !!!main                                  0x080001f8   Section        8  __main.o(!!!main)
    !!!scatter                               0x08000200   Section       52  __scatter.o(!!!scatter)
    !!handler_copy                           0x08000234   Section       26  __scatter_copy.o(!!handler_copy)
    !!handler_zi                             0x08000250   Section       28  __scatter_zi.o(!!handler_zi)
    .ARM.Collect$$libinit$$00000000          0x0800026c   Section        2  libinit.o(.ARM.Collect$$libinit$$00000000)
    .ARM.Collect$$libinit$$00000001          0x0800026e   Section        4  libinit2.o(.ARM.Collect$$libinit$$00000001)
    .ARM.Collect$$libinit$$00000004          0x08000272   Section        0  libinit2.o(.ARM.Collect$$libinit$$00000004)
    .ARM.Collect$$libinit$$00000006          0x08000272   Section        0  libinit2.o(.ARM.Collect$$libinit$$00000006)
    .ARM.Collect$$libinit$$0000000C          0x08000272   Section        0  libinit2.o(.ARM.Collect$$libinit$$0000000C)
    .ARM.Collect$$libinit$$0000000E          0x08000272   Section        0  libinit2.o(.ARM.Collect$$libinit$$0000000E)
    .ARM.Collect$$libinit$$00000010          0x08000272   Section        0  libinit2.o(.ARM.Collect$$libinit$$00000010)
    .ARM.Collect$$libinit$$00000011          0x08000272   Section        6  libinit2.o(.ARM.Collect$$libinit$$00000011)
    .ARM.Collect$$libinit$$00000013          0x08000278   Section        0  libinit2.o(.ARM.Collect$$libinit$$00000013)
    .ARM.Collect$$libinit$$00000014          0x08000278   Section       12  libinit2.o(.ARM.Collect$$libinit$$00000014)
    .ARM.Collect$$libinit$$00000015          0x08000284   Section        0  libinit2.o(.ARM.Collect$$libinit$$00000015)
    .ARM.Collect$$libinit$$00000017          0x08000284   Section        0  libinit2.o(.ARM.Collect$$libinit$$00000017)
    .ARM.Collect$$libinit$$00000018          0x08000284   Section       10  libinit2.o(.ARM.Collect$$libinit$$00000018)
    .ARM.Collect$$libinit$$00000019          0x0800028e   Section        0  libinit2.o(.ARM.Collect$$libinit$$00000019)
    .ARM.Collect$$libinit$$0000001B          0x0800028e   Section        0  libinit2.o(.ARM.Collect$$libinit$$0000001B)
    .ARM.Collect$$libinit$$0000001D          0x0800028e   Section        0  libinit2.o(.ARM.Collect$$libinit$$0000001D)
    .ARM.Collect$$libinit$$0000001F          0x0800028e   Section        0  libinit2.o(.ARM.Collect$$libinit$$0000001F)
    .ARM.Collect$$libinit$$00000021          0x0800028e   Section        0  libinit2.o(.ARM.Collect$$libinit$$00000021)
    .ARM.Collect$$libinit$$00000023          0x0800028e   Section        0  libinit2.o(.ARM.Collect$$libinit$$00000023)
    .ARM.Collect$$libinit$$00000025          0x0800028e   Section        0  libinit2.o(.ARM.Collect$$libinit$$00000025)
    .ARM.Collect$$libinit$$00000027          0x0800028e   Section        0  libinit2.o(.ARM.Collect$$libinit$$00000027)
    .ARM.Collect$$libinit$$0000002E          0x0800028e   Section        0  libinit2.o(.ARM.Collect$$libinit$$0000002E)
    .ARM.Collect$$libinit$$00000030          0x0800028e   Section        0  libinit2.o(.ARM.Collect$$libinit$$00000030)
    .ARM.Collect$$libinit$$00000032          0x0800028e   Section        0  libinit2.o(.ARM.Collect$$libinit$$00000032)
    .ARM.Collect$$libinit$$00000034          0x0800028e   Section        0  libinit2.o(.ARM.Collect$$libinit$$00000034)
    .ARM.Collect$$libinit$$00000035          0x0800028e   Section        2  libinit2.o(.ARM.Collect$$libinit$$00000035)
    .ARM.Collect$$libshutdown$$00000000      0x08000290   Section        2  libshutdown.o(.ARM.Collect$$libshutdown$$00000000)
    .ARM.Collect$$libshutdown$$00000002      0x08000292   Section        0  libshutdown2.o(.ARM.Collect$$libshutdown$$00000002)
    .ARM.Collect$$libshutdown$$00000004      0x08000292   Section        0  libshutdown2.o(.ARM.Collect$$libshutdown$$00000004)
    .ARM.Collect$$libshutdown$$00000007      0x08000292   Section        0  libshutdown2.o(.ARM.Collect$$libshutdown$$00000007)
    .ARM.Collect$$libshutdown$$0000000A      0x08000292   Section        0  libshutdown2.o(.ARM.Collect$$libshutdown$$0000000A)
    .ARM.Collect$$libshutdown$$0000000C      0x08000292   Section        0  libshutdown2.o(.ARM.Collect$$libshutdown$$0000000C)
    .ARM.Collect$$libshutdown$$0000000F      0x08000292   Section        0  libshutdown2.o(.ARM.Collect$$libshutdown$$0000000F)
    .ARM.Collect$$libshutdown$$00000010      0x08000292   Section        2  libshutdown2.o(.ARM.Collect$$libshutdown$$00000010)
    .ARM.Collect$$rtentry$$00000000          0x08000294   Section        0  __rtentry.o(.ARM.Collect$$rtentry$$00000000)
    .ARM.Collect$$rtentry$$00000002          0x08000294   Section        0  __rtentry2.o(.ARM.Collect$$rtentry$$00000002)
    .ARM.Collect$$rtentry$$00000004          0x08000294   Section        6  __rtentry4.o(.ARM.Collect$$rtentry$$00000004)
    .ARM.Collect$$rtentry$$00000009          0x0800029a   Section        0  __rtentry2.o(.ARM.Collect$$rtentry$$00000009)
    .ARM.Collect$$rtentry$$0000000A          0x0800029a   Section        4  __rtentry2.o(.ARM.Collect$$rtentry$$0000000A)
    .ARM.Collect$$rtentry$$0000000C          0x0800029e   Section        0  __rtentry2.o(.ARM.Collect$$rtentry$$0000000C)
    .ARM.Collect$$rtentry$$0000000D          0x0800029e   Section        8  __rtentry2.o(.ARM.Collect$$rtentry$$0000000D)
    .ARM.Collect$$rtexit$$00000000           0x080002a6   Section        2  rtexit.o(.ARM.Collect$$rtexit$$00000000)
    .ARM.Collect$$rtexit$$00000002           0x080002a8   Section        0  rtexit2.o(.ARM.Collect$$rtexit$$00000002)
    .ARM.Collect$$rtexit$$00000003           0x080002a8   Section        4  rtexit2.o(.ARM.Collect$$rtexit$$00000003)
    .ARM.Collect$$rtexit$$00000004           0x080002ac   Section        6  rtexit2.o(.ARM.Collect$$rtexit$$00000004)
    $v0                                      0x080002b4   Number         0  startup_stm32f767xx.o(.text)
    .text                                    0x080002b4   Section       64  startup_stm32f767xx.o(.text)
    .text                                    0x080002f4   Section        0  sscanf.o(.text)
    .text                                    0x08000330   Section      124  strcmpv7m_pel.o(.text)
    .text                                    0x080003ac   Section        0  heapauxi.o(.text)
    .text                                    0x080003b2   Section        0  _scanf_longlong.o(.text)
    .text                                    0x08000508   Section        0  _scanf_int.o(.text)
    .text                                    0x08000654   Section        0  _scanf_str.o(.text)
    _scanf_char_input                        0x08000735   Thumb Code    12  scanf_char.o(.text)
    .text                                    0x08000734   Section        0  scanf_char.o(.text)
    .text                                    0x08000760   Section        0  _sgetc.o(.text)
    .text                                    0x080007a0   Section        0  _scanf_mbtowc.o(.text)
    .text                                    0x080008b4   Section        0  _scanf_wctomb.o(.text)
    .text                                    0x0800099c   Section        0  _scanf_wstr.o(.text)
    .text                                    0x08000a6c   Section        0  isspace.o(.text)
    .text                                    0x08000a7e   Section        0  _chval.o(.text)
    .text                                    0x08000a9c   Section        0  _scanf.o(.text)
    _fp_value                                0x08000e11   Thumb Code   588  scanf_fp.o(.text)
    .text                                    0x08000e10   Section        0  scanf_fp.o(.text)
    .text                                    0x08001308   Section        0  _scanf_wcharmap.o(.text)
    .text                                    0x08001326   Section        0  _mbrtoc16.o(.text)
    .text                                    0x08001366   Section        0  _c16rtomb.o(.text)
    .text                                    0x080013ae   Section       74  sys_stackheap_outer.o(.text)
    .text                                    0x080013f8   Section       16  rt_ctype_table.o(.text)
    .text                                    0x08001408   Section        8  rt_locale_intlibspace.o(.text)
    .text                                    0x08001410   Section        8  rt_errno_addr_intlibspace.o(.text)
    .text                                    0x08001418   Section       38  llshl.o(.text)
    .text                                    0x08001440   Section        0  bigflt0.o(.text)
    .text                                    0x08001524   Section        0  exit.o(.text)
    .text                                    0x08001538   Section        8  libspace.o(.text)
    .text                                    0x08001540   Section        0  _rserrno.o(.text)
    .text                                    0x08001558   Section        0  scanf_hexfp.o(.text)
    .text                                    0x08001878   Section        0  scanf_infnan.o(.text)
    .text                                    0x080019ac   Section        0  sys_exit.o(.text)
    .text                                    0x080019b8   Section        2  use_no_semi.o(.text)
    .text                                    0x080019ba   Section        0  indicate_semi.o(.text)
    [Anonymous Symbol]                       0x080019c0   Section        0  system_stm32f7xx.o(.text.SystemInit)
    [Anonymous Symbol]                       0x080019d8   Section        0  paula.o(.text.UART5_IRQHandler)
    [Anonymous Symbol]                       0x08001eb8   Section        0  paula.o(.text._Z10RCC_configv)
    [Anonymous Symbol]                       0x08001ee8   Section        0  paula.o(.text._Z11GPIO_configv)
    [Anonymous Symbol]                       0x08001f18   Section        0  paula.o(.text._Z12SysTick_Initv)
    [Anonymous Symbol]                       0x08001f38   Section        0  paula.o(.text._Z12SysTick_Waitj)
    [Anonymous Symbol]                       0x08001f70   Section        0  paula.o(.text._Z12USART_configv)
    [Anonymous Symbol]                       0x08001fd8   Section        0  paula.o(.text._Z15SysTick_Wait1msj)
    [Anonymous Symbol]                       0x08002008   Section        0  paula.o(.text._Z7angulosi)
    __NVIC_EnableIRQ(IRQn_Type)              0x080021c1   Thumb Code    48  paula.o(.text._ZL16__NVIC_EnableIRQ9IRQn_Type)
    [Anonymous Symbol]                       0x080021c0   Section        0  paula.o(.text._ZL16__NVIC_EnableIRQ9IRQn_Type)
    __NVIC_SetPriority(IRQn_Type, unsigned int) 0x080021f1   Thumb Code    66  paula.o(.text._ZL18__NVIC_SetPriority9IRQn_Typej)
    [Anonymous Symbol]                       0x080021f0   Section        0  paula.o(.text._ZL18__NVIC_SetPriority9IRQn_Typej)
    [Anonymous Symbol]                       0x08002238   Section        0  paula.o(.text.main)
    CL$$btod_div_common                      0x08002258   Section      824  btod.o(CL$$btod_div_common)
    CL$$btod_e2d                             0x08002590   Section      132  btod.o(CL$$btod_e2d)
    CL$$btod_e2e                             0x08002614   Section      220  btod.o(CL$$btod_e2e)
    CL$$btod_ediv                            0x080026f0   Section       42  btod.o(CL$$btod_ediv)
    CL$$btod_edivd                           0x0800271a   Section       42  btod.o(CL$$btod_edivd)
    CL$$btod_emul                            0x08002744   Section       42  btod.o(CL$$btod_emul)
    CL$$btod_emuld                           0x0800276e   Section       42  btod.o(CL$$btod_emuld)
    CL$$btod_mult_common                     0x08002798   Section      580  btod.o(CL$$btod_mult_common)
    i.__hardfp___mathlib_tofloat             0x080029dc   Section        0  narrow.o(i.__hardfp___mathlib_tofloat)
    i.__mathlib_dbl_overflow                 0x08002aa0   Section        0  dunder.o(i.__mathlib_dbl_overflow)
    i.__mathlib_dbl_underflow                0x08002ab8   Section        0  dunder.o(i.__mathlib_dbl_underflow)
    i.__mathlib_narrow                       0x08002ad0   Section        0  narrow.o(i.__mathlib_narrow)
    i.__support_ldexp                        0x08002ae2   Section        0  ldexp.o(i.__support_ldexp)
    i._is_digit                              0x08002b88   Section        0  scanf_fp.o(i._is_digit)
    i.frexp                                  0x08002b98   Section        0  frexp.o(i.frexp)
    locale$$code                             0x08002c24   Section       44  lc_numeric_c.o(locale$$code)
    locale$$code                             0x08002c50   Section       44  lc_ctype_c.o(locale$$code)
    $v0                                      0x08002c7c   Number         0  dcheck1.o(x$fpl$dcheck1)
    x$fpl$dcheck1                            0x08002c7c   Section       16  dcheck1.o(x$fpl$dcheck1)
    $v0                                      0x08002c8c   Number         0  fpinit.o(x$fpl$fpinit)
    x$fpl$fpinit                             0x08002c8c   Section       26  fpinit.o(x$fpl$fpinit)
    $v0                                      0x08002ca6   Number         0  istatus.o(x$fpl$ieeestatus)
    x$fpl$ieeestatus                         0x08002ca6   Section        6  istatus.o(x$fpl$ieeestatus)
    $v0                                      0x08002cac   Number         0  retnan.o(x$fpl$retnan)
    x$fpl$retnan                             0x08002cac   Section      100  retnan.o(x$fpl$retnan)
    $v0                                      0x08002d10   Number         0  scalbn.o(x$fpl$scalbn)
    x$fpl$scalbn                             0x08002d10   Section       92  scalbn.o(x$fpl$scalbn)
    $v0                                      0x08002d6c   Number         0  scanf1.o(x$fpl$scanf1)
    x$fpl$scanf1                             0x08002d6c   Section        4  scanf1.o(x$fpl$scanf1)
    $v0                                      0x08002d70   Number         0  scanf2.o(x$fpl$scanf2)
    x$fpl$scanf2                             0x08002d70   Section        8  scanf2.o(x$fpl$scanf2)
    $v0                                      0x08002d78   Number         0  trapv.o(x$fpl$trapveneer)
    x$fpl$trapveneer                         0x08002d78   Section       48  trapv.o(x$fpl$trapveneer)
    tenpwrs_x                                0x08002da8   Data          60  bigflt0.o(.constdata)
    .constdata                               0x08002da8   Section      148  bigflt0.o(.constdata)
    x$fpl$usenofp                            0x08002da8   Section        0  usenofp.o(x$fpl$usenofp)
    tenpwrs_i                                0x08002de4   Data          64  bigflt0.o(.constdata)
    .L.str.1                                 0x08002e3c   Data           5  paula.o(.rodata.str1.1)
    [Anonymous Symbol]                       0x08002e3c   Section        0  paula.o(.rodata.str1.1)
    .L.str.2                                 0x08002e41   Data           5  paula.o(.rodata.str1.1)
    .L.str.3                                 0x08002e46   Data           5  paula.o(.rodata.str1.1)
    .L.str.4                                 0x08002e4b   Data           5  paula.o(.rodata.str1.1)
    .L.str.5                                 0x08002e50   Data           5  paula.o(.rodata.str1.1)
    .L.str.6                                 0x08002e55   Data           5  paula.o(.rodata.str1.1)
    .L.str                                   0x08002e5a   Data           3  paula.o(.rodata.str1.1)
    c$$dinf                                  0x08002e80   Section        8  fpconst.o(c$$dinf)
    c$$dmax                                  0x08002e88   Section        8  fpconst.o(c$$dmax)
    locale$$data                             0x08002e90   Section       28  lc_numeric_c.o(locale$$data)
    __lcnum_c_name                           0x08002e94   Data           2  lc_numeric_c.o(locale$$data)
    __lcnum_c_start                          0x08002e9c   Data           0  lc_numeric_c.o(locale$$data)
    __lcnum_c_point                          0x08002ea8   Data           0  lc_numeric_c.o(locale$$data)
    __lcnum_c_thousands                      0x08002eaa   Data           0  lc_numeric_c.o(locale$$data)
    __lcnum_c_grouping                       0x08002eab   Data           0  lc_numeric_c.o(locale$$data)
    __lcnum_c_end                            0x08002eac   Data           0  lc_numeric_c.o(locale$$data)
    locale$$data                             0x08002eac   Section      272  lc_ctype_c.o(locale$$data)
    __lcctype_c_name                         0x08002eb0   Data           2  lc_ctype_c.o(locale$$data)
    __lcctype_c_start                        0x08002eb8   Data           0  lc_ctype_c.o(locale$$data)
    __lcctype_c_end                          0x08002fbc   Data           0  lc_ctype_c.o(locale$$data)
    .bss                                     0x20020028   Section       96  libspace.o(.bss)
    Heap_Mem                                 0x200200b8   Data         512  startup_stm32f767xx.o(HEAP)
    HEAP                                     0x200200b8   Section      512  startup_stm32f767xx.o(HEAP)
    Stack_Mem                                0x200202b8   Data        1024  startup_stm32f767xx.o(STACK)
    STACK                                    0x200202b8   Section     1024  startup_stm32f767xx.o(STACK)
    __initial_sp                             0x200206b8   Data           0  startup_stm32f767xx.o(STACK)

    Global Symbols

    Symbol Name                              Value     Ov Type        Size  Object(Section)

    BuildAttributes$$THM_ISAv4$E$P$D$K$B$S$7EM$VFPv5_D16$PE$PLD8$A:L22UL41UL21$X:L11$S22US41US21$IEEE1$IW$~IW$USESV6$~STKCKD$USESV7$~SHL$OTIME$ROPI$IEEEX$EBA8$UX$STANDARDLIB$REQ8$PRES8$EABIv2 0x00000000   Number         0  anon$$obj.o ABSOLUTE
    __ARM_exceptions_init                     - Undefined Weak Reference
    __alloca_initialize                       - Undefined Weak Reference
    __arm_preinit_                            - Undefined Weak Reference
    __arm_relocate_pie_                       - Undefined Weak Reference
    __cpp_initialize__aeabi_                  - Undefined Weak Reference
    __cxa_finalize                            - Undefined Weak Reference
    __sigvec_lookup                           - Undefined Weak Reference
    _atexit_init                              - Undefined Weak Reference
    _call_atexit_fns                          - Undefined Weak Reference
    _clock_init                               - Undefined Weak Reference
    _fp_trap_init                             - Undefined Weak Reference
    _fp_trap_shutdown                         - Undefined Weak Reference
    _get_lc_collate                           - Undefined Weak Reference
    _get_lc_monetary                          - Undefined Weak Reference
    _get_lc_time                              - Undefined Weak Reference
    _getenv_init                              - Undefined Weak Reference
    _handle_redirection                       - Undefined Weak Reference
    _init_alloc                               - Undefined Weak Reference
    _init_user_alloc                          - Undefined Weak Reference
    _initio                                   - Undefined Weak Reference
    _rand_init                                - Undefined Weak Reference
    _signal_finish                            - Undefined Weak Reference
    _signal_init                              - Undefined Weak Reference
    _terminate_alloc                          - Undefined Weak Reference
    _terminate_user_alloc                     - Undefined Weak Reference
    _terminateio                              - Undefined Weak Reference
    __Vectors_Size                           0x000001f8   Number         0  startup_stm32f767xx.o ABSOLUTE
    __Vectors                                0x08000000   Data           4  startup_stm32f767xx.o(RESET)
    __Vectors_End                            0x080001f8   Data           0  startup_stm32f767xx.o(RESET)
    __main                                   0x080001f9   Thumb Code     8  __main.o(!!!main)
    __scatterload                            0x08000201   Thumb Code     0  __scatter.o(!!!scatter)
    __scatterload_rt2                        0x08000201   Thumb Code    44  __scatter.o(!!!scatter)
    __scatterload_rt2_thumb_only             0x08000201   Thumb Code     0  __scatter.o(!!!scatter)
    __scatterload_null                       0x0800020f   Thumb Code     0  __scatter.o(!!!scatter)
    __scatterload_copy                       0x08000235   Thumb Code    26  __scatter_copy.o(!!handler_copy)
    __scatterload_zeroinit                   0x08000251   Thumb Code    28  __scatter_zi.o(!!handler_zi)
    __rt_lib_init                            0x0800026d   Thumb Code     0  libinit.o(.ARM.Collect$$libinit$$00000000)
    __rt_lib_init_fp_1                       0x0800026f   Thumb Code     0  libinit2.o(.ARM.Collect$$libinit$$00000001)
    __rt_lib_init_heap_1                     0x08000273   Thumb Code     0  libinit2.o(.ARM.Collect$$libinit$$0000000C)
    __rt_lib_init_lc_common                  0x08000273   Thumb Code     0  libinit2.o(.ARM.Collect$$libinit$$00000011)
    __rt_lib_init_preinit_1                  0x08000273   Thumb Code     0  libinit2.o(.ARM.Collect$$libinit$$00000006)
    __rt_lib_init_rand_1                     0x08000273   Thumb Code     0  libinit2.o(.ARM.Collect$$libinit$$00000010)
    __rt_lib_init_relocate_pie_1             0x08000273   Thumb Code     0  libinit2.o(.ARM.Collect$$libinit$$00000004)
    __rt_lib_init_user_alloc_1               0x08000273   Thumb Code     0  libinit2.o(.ARM.Collect$$libinit$$0000000E)
    __rt_lib_init_lc_collate_1               0x08000279   Thumb Code     0  libinit2.o(.ARM.Collect$$libinit$$00000013)
    __rt_lib_init_lc_ctype_2                 0x08000279   Thumb Code     0  libinit2.o(.ARM.Collect$$libinit$$00000014)
    __rt_lib_init_lc_ctype_1                 0x08000285   Thumb Code     0  libinit2.o(.ARM.Collect$$libinit$$00000015)
    __rt_lib_init_lc_monetary_1              0x08000285   Thumb Code     0  libinit2.o(.ARM.Collect$$libinit$$00000017)
    __rt_lib_init_lc_numeric_2               0x08000285   Thumb Code     0  libinit2.o(.ARM.Collect$$libinit$$00000018)
    __rt_lib_init_alloca_1                   0x0800028f   Thumb Code     0  libinit2.o(.ARM.Collect$$libinit$$00000030)
    __rt_lib_init_argv_1                     0x0800028f   Thumb Code     0  libinit2.o(.ARM.Collect$$libinit$$0000002E)
    __rt_lib_init_atexit_1                   0x0800028f   Thumb Code     0  libinit2.o(.ARM.Collect$$libinit$$0000001D)
    __rt_lib_init_clock_1                    0x0800028f   Thumb Code     0  libinit2.o(.ARM.Collect$$libinit$$00000023)
    __rt_lib_init_cpp_1                      0x0800028f   Thumb Code     0  libinit2.o(.ARM.Collect$$libinit$$00000034)
    __rt_lib_init_exceptions_1               0x0800028f   Thumb Code     0  libinit2.o(.ARM.Collect$$libinit$$00000032)
    __rt_lib_init_fp_trap_1                  0x0800028f   Thumb Code     0  libinit2.o(.ARM.Collect$$libinit$$00000021)
    __rt_lib_init_getenv_1                   0x0800028f   Thumb Code     0  libinit2.o(.ARM.Collect$$libinit$$00000025)
    __rt_lib_init_lc_numeric_1               0x0800028f   Thumb Code     0  libinit2.o(.ARM.Collect$$libinit$$00000019)
    __rt_lib_init_lc_time_1                  0x0800028f   Thumb Code     0  libinit2.o(.ARM.Collect$$libinit$$0000001B)
    __rt_lib_init_return                     0x0800028f   Thumb Code     0  libinit2.o(.ARM.Collect$$libinit$$00000035)
    __rt_lib_init_signal_1                   0x0800028f   Thumb Code     0  libinit2.o(.ARM.Collect$$libinit$$0000001F)
    __rt_lib_init_stdio_1                    0x0800028f   Thumb Code     0  libinit2.o(.ARM.Collect$$libinit$$00000027)
    __rt_lib_shutdown                        0x08000291   Thumb Code     0  libshutdown.o(.ARM.Collect$$libshutdown$$00000000)
    __rt_lib_shutdown_cpp_1                  0x08000293   Thumb Code     0  libshutdown2.o(.ARM.Collect$$libshutdown$$00000002)
    __rt_lib_shutdown_fp_trap_1              0x08000293   Thumb Code     0  libshutdown2.o(.ARM.Collect$$libshutdown$$00000007)
    __rt_lib_shutdown_heap_1                 0x08000293   Thumb Code     0  libshutdown2.o(.ARM.Collect$$libshutdown$$0000000F)
    __rt_lib_shutdown_return                 0x08000293   Thumb Code     0  libshutdown2.o(.ARM.Collect$$libshutdown$$00000010)
    __rt_lib_shutdown_signal_1               0x08000293   Thumb Code     0  libshutdown2.o(.ARM.Collect$$libshutdown$$0000000A)
    __rt_lib_shutdown_stdio_1                0x08000293   Thumb Code     0  libshutdown2.o(.ARM.Collect$$libshutdown$$00000004)
    __rt_lib_shutdown_user_alloc_1           0x08000293   Thumb Code     0  libshutdown2.o(.ARM.Collect$$libshutdown$$0000000C)
    __rt_entry                               0x08000295   Thumb Code     0  __rtentry.o(.ARM.Collect$$rtentry$$00000000)
    __rt_entry_presh_1                       0x08000295   Thumb Code     0  __rtentry2.o(.ARM.Collect$$rtentry$$00000002)
    __rt_entry_sh                            0x08000295   Thumb Code     0  __rtentry4.o(.ARM.Collect$$rtentry$$00000004)
    __rt_entry_li                            0x0800029b   Thumb Code     0  __rtentry2.o(.ARM.Collect$$rtentry$$0000000A)
    __rt_entry_postsh_1                      0x0800029b   Thumb Code     0  __rtentry2.o(.ARM.Collect$$rtentry$$00000009)
    __rt_entry_main                          0x0800029f   Thumb Code     0  __rtentry2.o(.ARM.Collect$$rtentry$$0000000D)
    __rt_entry_postli_1                      0x0800029f   Thumb Code     0  __rtentry2.o(.ARM.Collect$$rtentry$$0000000C)
    __rt_exit                                0x080002a7   Thumb Code     0  rtexit.o(.ARM.Collect$$rtexit$$00000000)
    __rt_exit_ls                             0x080002a9   Thumb Code     0  rtexit2.o(.ARM.Collect$$rtexit$$00000003)
    __rt_exit_prels_1                        0x080002a9   Thumb Code     0  rtexit2.o(.ARM.Collect$$rtexit$$00000002)
    __rt_exit_exit                           0x080002ad   Thumb Code     0  rtexit2.o(.ARM.Collect$$rtexit$$00000004)
    Reset_Handler                            0x080002b5   Thumb Code     8  startup_stm32f767xx.o(.text)
    NMI_Handler                              0x080002bd   Thumb Code     2  startup_stm32f767xx.o(.text)
    HardFault_Handler                        0x080002bf   Thumb Code     2  startup_stm32f767xx.o(.text)
    MemManage_Handler                        0x080002c1   Thumb Code     2  startup_stm32f767xx.o(.text)
    BusFault_Handler                         0x080002c3   Thumb Code     2  startup_stm32f767xx.o(.text)
    UsageFault_Handler                       0x080002c5   Thumb Code     2  startup_stm32f767xx.o(.text)
    SVC_Handler                              0x080002c7   Thumb Code     2  startup_stm32f767xx.o(.text)
    DebugMon_Handler                         0x080002c9   Thumb Code     2  startup_stm32f767xx.o(.text)
    PendSV_Handler                           0x080002cb   Thumb Code     2  startup_stm32f767xx.o(.text)
    SysTick_Handler                          0x080002cd   Thumb Code     2  startup_stm32f767xx.o(.text)
    ADC_IRQHandler                           0x080002cf   Thumb Code     0  startup_stm32f767xx.o(.text)
    CAN1_RX0_IRQHandler                      0x080002cf   Thumb Code     0  startup_stm32f767xx.o(.text)
    CAN1_RX1_IRQHandler                      0x080002cf   Thumb Code     0  startup_stm32f767xx.o(.text)
    CAN1_SCE_IRQHandler                      0x080002cf   Thumb Code     0  startup_stm32f767xx.o(.text)
    CAN1_TX_IRQHandler                       0x080002cf   Thumb Code     0  startup_stm32f767xx.o(.text)
    CAN2_RX0_IRQHandler                      0x080002cf   Thumb Code     0  startup_stm32f767xx.o(.text)
    CAN2_RX1_IRQHandler                      0x080002cf   Thumb Code     0  startup_stm32f767xx.o(.text)
    CAN2_SCE_IRQHandler                      0x080002cf   Thumb Code     0  startup_stm32f767xx.o(.text)
    CAN2_TX_IRQHandler                       0x080002cf   Thumb Code     0  startup_stm32f767xx.o(.text)
    CAN3_RX0_IRQHandler                      0x080002cf   Thumb Code     0  startup_stm32f767xx.o(.text)
    CAN3_RX1_IRQHandler                      0x080002cf   Thumb Code     0  startup_stm32f767xx.o(.text)
    CAN3_SCE_IRQHandler                      0x080002cf   Thumb Code     0  startup_stm32f767xx.o(.text)
    CAN3_TX_IRQHandler                       0x080002cf   Thumb Code     0  startup_stm32f767xx.o(.text)
    CEC_IRQHandler                           0x080002cf   Thumb Code     0  startup_stm32f767xx.o(.text)
    DCMI_IRQHandler                          0x080002cf   Thumb Code     0  startup_stm32f767xx.o(.text)
    DFSDM1_FLT0_IRQHandler                   0x080002cf   Thumb Code     0  startup_stm32f767xx.o(.text)
    DFSDM1_FLT1_IRQHandler                   0x080002cf   Thumb Code     0  startup_stm32f767xx.o(.text)
    DFSDM1_FLT2_IRQHandler                   0x080002cf   Thumb Code     0  startup_stm32f767xx.o(.text)
    DFSDM1_FLT3_IRQHandler                   0x080002cf   Thumb Code     0  startup_stm32f767xx.o(.text)
    DMA1_Stream0_IRQHandler                  0x080002cf   Thumb Code     0  startup_stm32f767xx.o(.text)
    DMA1_Stream1_IRQHandler                  0x080002cf   Thumb Code     0  startup_stm32f767xx.o(.text)
    DMA1_Stream2_IRQHandler                  0x080002cf   Thumb Code     0  startup_stm32f767xx.o(.text)
    DMA1_Stream3_IRQHandler                  0x080002cf   Thumb Code     0  startup_stm32f767xx.o(.text)
    DMA1_Stream4_IRQHandler                  0x080002cf   Thumb Code     0  startup_stm32f767xx.o(.text)
    DMA1_Stream5_IRQHandler                  0x080002cf   Thumb Code     0  startup_stm32f767xx.o(.text)
    DMA1_Stream6_IRQHandler                  0x080002cf   Thumb Code     0  startup_stm32f767xx.o(.text)
    DMA1_Stream7_IRQHandler                  0x080002cf   Thumb Code     0  startup_stm32f767xx.o(.text)
    DMA2D_IRQHandler                         0x080002cf   Thumb Code     0  startup_stm32f767xx.o(.text)
    DMA2_Stream0_IRQHandler                  0x080002cf   Thumb Code     0  startup_stm32f767xx.o(.text)
    DMA2_Stream1_IRQHandler                  0x080002cf   Thumb Code     0  startup_stm32f767xx.o(.text)
    DMA2_Stream2_IRQHandler                  0x080002cf   Thumb Code     0  startup_stm32f767xx.o(.text)
    DMA2_Stream3_IRQHandler                  0x080002cf   Thumb Code     0  startup_stm32f767xx.o(.text)
    DMA2_Stream4_IRQHandler                  0x080002cf   Thumb Code     0  startup_stm32f767xx.o(.text)
    DMA2_Stream5_IRQHandler                  0x080002cf   Thumb Code     0  startup_stm32f767xx.o(.text)
    DMA2_Stream6_IRQHandler                  0x080002cf   Thumb Code     0  startup_stm32f767xx.o(.text)
    DMA2_Stream7_IRQHandler                  0x080002cf   Thumb Code     0  startup_stm32f767xx.o(.text)
    ETH_IRQHandler                           0x080002cf   Thumb Code     0  startup_stm32f767xx.o(.text)
    ETH_WKUP_IRQHandler                      0x080002cf   Thumb Code     0  startup_stm32f767xx.o(.text)
    EXTI0_IRQHandler                         0x080002cf   Thumb Code     0  startup_stm32f767xx.o(.text)
    EXTI15_10_IRQHandler                     0x080002cf   Thumb Code     0  startup_stm32f767xx.o(.text)
    EXTI1_IRQHandler                         0x080002cf   Thumb Code     0  startup_stm32f767xx.o(.text)
    EXTI2_IRQHandler                         0x080002cf   Thumb Code     0  startup_stm32f767xx.o(.text)
    EXTI3_IRQHandler                         0x080002cf   Thumb Code     0  startup_stm32f767xx.o(.text)
    EXTI4_IRQHandler                         0x080002cf   Thumb Code     0  startup_stm32f767xx.o(.text)
    EXTI9_5_IRQHandler                       0x080002cf   Thumb Code     0  startup_stm32f767xx.o(.text)
    FLASH_IRQHandler                         0x080002cf   Thumb Code     0  startup_stm32f767xx.o(.text)
    FMC_IRQHandler                           0x080002cf   Thumb Code     0  startup_stm32f767xx.o(.text)
    FPU_IRQHandler                           0x080002cf   Thumb Code     0  startup_stm32f767xx.o(.text)
    I2C1_ER_IRQHandler                       0x080002cf   Thumb Code     0  startup_stm32f767xx.o(.text)
    I2C1_EV_IRQHandler                       0x080002cf   Thumb Code     0  startup_stm32f767xx.o(.text)
    I2C2_ER_IRQHandler                       0x080002cf   Thumb Code     0  startup_stm32f767xx.o(.text)
    I2C2_EV_IRQHandler                       0x080002cf   Thumb Code     0  startup_stm32f767xx.o(.text)
    I2C3_ER_IRQHandler                       0x080002cf   Thumb Code     0  startup_stm32f767xx.o(.text)
    I2C3_EV_IRQHandler                       0x080002cf   Thumb Code     0  startup_stm32f767xx.o(.text)
    I2C4_ER_IRQHandler                       0x080002cf   Thumb Code     0  startup_stm32f767xx.o(.text)
    I2C4_EV_IRQHandler                       0x080002cf   Thumb Code     0  startup_stm32f767xx.o(.text)
    JPEG_IRQHandler                          0x080002cf   Thumb Code     0  startup_stm32f767xx.o(.text)
    LPTIM1_IRQHandler                        0x080002cf   Thumb Code     0  startup_stm32f767xx.o(.text)
    LTDC_ER_IRQHandler                       0x080002cf   Thumb Code     0  startup_stm32f767xx.o(.text)
    LTDC_IRQHandler                          0x080002cf   Thumb Code     0  startup_stm32f767xx.o(.text)
    MDIOS_IRQHandler                         0x080002cf   Thumb Code     0  startup_stm32f767xx.o(.text)
    OTG_FS_IRQHandler                        0x080002cf   Thumb Code     0  startup_stm32f767xx.o(.text)
    OTG_FS_WKUP_IRQHandler                   0x080002cf   Thumb Code     0  startup_stm32f767xx.o(.text)
    OTG_HS_EP1_IN_IRQHandler                 0x080002cf   Thumb Code     0  startup_stm32f767xx.o(.text)
    OTG_HS_EP1_OUT_IRQHandler                0x080002cf   Thumb Code     0  startup_stm32f767xx.o(.text)
    OTG_HS_IRQHandler                        0x080002cf   Thumb Code     0  startup_stm32f767xx.o(.text)
    OTG_HS_WKUP_IRQHandler                   0x080002cf   Thumb Code     0  startup_stm32f767xx.o(.text)
    PVD_IRQHandler                           0x080002cf   Thumb Code     0  startup_stm32f767xx.o(.text)
    QUADSPI_IRQHandler                       0x080002cf   Thumb Code     0  startup_stm32f767xx.o(.text)
    RCC_IRQHandler                           0x080002cf   Thumb Code     0  startup_stm32f767xx.o(.text)
    RNG_IRQHandler                           0x080002cf   Thumb Code     0  startup_stm32f767xx.o(.text)
    RTC_Alarm_IRQHandler                     0x080002cf   Thumb Code     0  startup_stm32f767xx.o(.text)
    RTC_WKUP_IRQHandler                      0x080002cf   Thumb Code     0  startup_stm32f767xx.o(.text)
    SAI1_IRQHandler                          0x080002cf   Thumb Code     0  startup_stm32f767xx.o(.text)
    SAI2_IRQHandler                          0x080002cf   Thumb Code     0  startup_stm32f767xx.o(.text)
    SDMMC1_IRQHandler                        0x080002cf   Thumb Code     0  startup_stm32f767xx.o(.text)
    SDMMC2_IRQHandler                        0x080002cf   Thumb Code     0  startup_stm32f767xx.o(.text)
    SPDIF_RX_IRQHandler                      0x080002cf   Thumb Code     0  startup_stm32f767xx.o(.text)
    SPI1_IRQHandler                          0x080002cf   Thumb Code     0  startup_stm32f767xx.o(.text)
    SPI2_IRQHandler                          0x080002cf   Thumb Code     0  startup_stm32f767xx.o(.text)
    SPI3_IRQHandler                          0x080002cf   Thumb Code     0  startup_stm32f767xx.o(.text)
    SPI4_IRQHandler                          0x080002cf   Thumb Code     0  startup_stm32f767xx.o(.text)
    SPI5_IRQHandler                          0x080002cf   Thumb Code     0  startup_stm32f767xx.o(.text)
    SPI6_IRQHandler                          0x080002cf   Thumb Code     0  startup_stm32f767xx.o(.text)
    TAMP_STAMP_IRQHandler                    0x080002cf   Thumb Code     0  startup_stm32f767xx.o(.text)
    TIM1_BRK_TIM9_IRQHandler                 0x080002cf   Thumb Code     0  startup_stm32f767xx.o(.text)
    TIM1_CC_IRQHandler                       0x080002cf   Thumb Code     0  startup_stm32f767xx.o(.text)
    TIM1_TRG_COM_TIM11_IRQHandler            0x080002cf   Thumb Code     0  startup_stm32f767xx.o(.text)
    TIM1_UP_TIM10_IRQHandler                 0x080002cf   Thumb Code     0  startup_stm32f767xx.o(.text)
    TIM2_IRQHandler                          0x080002cf   Thumb Code     0  startup_stm32f767xx.o(.text)
    TIM3_IRQHandler                          0x080002cf   Thumb Code     0  startup_stm32f767xx.o(.text)
    TIM4_IRQHandler                          0x080002cf   Thumb Code     0  startup_stm32f767xx.o(.text)
    TIM5_IRQHandler                          0x080002cf   Thumb Code     0  startup_stm32f767xx.o(.text)
    TIM6_DAC_IRQHandler                      0x080002cf   Thumb Code     0  startup_stm32f767xx.o(.text)
    TIM7_IRQHandler                          0x080002cf   Thumb Code     0  startup_stm32f767xx.o(.text)
    TIM8_BRK_TIM12_IRQHandler                0x080002cf   Thumb Code     0  startup_stm32f767xx.o(.text)
    TIM8_CC_IRQHandler                       0x080002cf   Thumb Code     0  startup_stm32f767xx.o(.text)
    TIM8_TRG_COM_TIM14_IRQHandler            0x080002cf   Thumb Code     0  startup_stm32f767xx.o(.text)
    TIM8_UP_TIM13_IRQHandler                 0x080002cf   Thumb Code     0  startup_stm32f767xx.o(.text)
    UART4_IRQHandler                         0x080002cf   Thumb Code     0  startup_stm32f767xx.o(.text)
    UART7_IRQHandler                         0x080002cf   Thumb Code     0  startup_stm32f767xx.o(.text)
    UART8_IRQHandler                         0x080002cf   Thumb Code     0  startup_stm32f767xx.o(.text)
    USART1_IRQHandler                        0x080002cf   Thumb Code     0  startup_stm32f767xx.o(.text)
    USART2_IRQHandler                        0x080002cf   Thumb Code     0  startup_stm32f767xx.o(.text)
    USART3_IRQHandler                        0x080002cf   Thumb Code     0  startup_stm32f767xx.o(.text)
    USART6_IRQHandler                        0x080002cf   Thumb Code     0  startup_stm32f767xx.o(.text)
    WWDG_IRQHandler                          0x080002cf   Thumb Code     0  startup_stm32f767xx.o(.text)
    __user_initial_stackheap                 0x080002d1   Thumb Code     0  startup_stm32f767xx.o(.text)
    sscanf                                   0x080002f5   Thumb Code    52  sscanf.o(.text)
    strcmp                                   0x08000331   Thumb Code   124  strcmpv7m_pel.o(.text)
    __use_two_region_memory                  0x080003ad   Thumb Code     2  heapauxi.o(.text)
    __rt_heap_escrow$2region                 0x080003af   Thumb Code     2  heapauxi.o(.text)
    __rt_heap_expand$2region                 0x080003b1   Thumb Code     2  heapauxi.o(.text)
    _scanf_longlong                          0x080003b3   Thumb Code   342  _scanf_longlong.o(.text)
    _scanf_int                               0x08000509   Thumb Code   332  _scanf_int.o(.text)
    _scanf_string                            0x08000655   Thumb Code   224  _scanf_str.o(.text)
    __vfscanf_char                           0x08000741   Thumb Code    24  scanf_char.o(.text)
    _sgetc                                   0x08000761   Thumb Code    30  _sgetc.o(.text)
    _sbackspace                              0x0800077f   Thumb Code    34  _sgetc.o(.text)
    _scanf_mbtowc                            0x080007a1   Thumb Code   276  _scanf_mbtowc.o(.text)
    _scanf_wctomb                            0x080008b5   Thumb Code   232  _scanf_wctomb.o(.text)
    _scanf_wstring                           0x0800099d   Thumb Code   208  _scanf_wstr.o(.text)
    isspace                                  0x08000a6d   Thumb Code    18  isspace.o(.text)
    _chval                                   0x08000a7f   Thumb Code    28  _chval.o(.text)
    __vfscanf                                0x08000a9d   Thumb Code   878  _scanf.o(.text)
    _scanf_really_real                       0x0800105d   Thumb Code   684  scanf_fp.o(.text)
    _scanf_wcharmap                          0x08001309   Thumb Code    30  _scanf_wcharmap.o(.text)
    _mbrtoc16                                0x08001327   Thumb Code    64  _mbrtoc16.o(.text)
    _mbrtowc                                 0x08001327   Thumb Code     0  _mbrtoc16.o(.text)
    _c16rtomb                                0x08001367   Thumb Code    72  _c16rtomb.o(.text)
    _wcrtomb                                 0x08001367   Thumb Code     0  _c16rtomb.o(.text)
    __user_setup_stackheap                   0x080013af   Thumb Code    74  sys_stackheap_outer.o(.text)
    __rt_ctype_table                         0x080013f9   Thumb Code    16  rt_ctype_table.o(.text)
    __rt_locale                              0x08001409   Thumb Code     8  rt_locale_intlibspace.o(.text)
    __aeabi_errno_addr                       0x08001411   Thumb Code     8  rt_errno_addr_intlibspace.o(.text)
    __errno$intlibspace                      0x08001411   Thumb Code     0  rt_errno_addr_intlibspace.o(.text)
    __rt_errno_addr$intlibspace              0x08001411   Thumb Code     0  rt_errno_addr_intlibspace.o(.text)
    __aeabi_llsl                             0x08001419   Thumb Code     0  llshl.o(.text)
    _ll_shift_l                              0x08001419   Thumb Code    38  llshl.o(.text)
    _btod_etento                             0x08001441   Thumb Code   224  bigflt0.o(.text)
    exit                                     0x08001525   Thumb Code    18  exit.o(.text)
    __user_libspace                          0x08001539   Thumb Code     8  libspace.o(.text)
    __user_perproc_libspace                  0x08001539   Thumb Code     0  libspace.o(.text)
    __user_perthread_libspace                0x08001539   Thumb Code     0  libspace.o(.text)
    __read_errno                             0x08001541   Thumb Code    10  _rserrno.o(.text)
    __set_errno                              0x0800154b   Thumb Code    12  _rserrno.o(.text)
    _scanf_really_hex_real                   0x08001559   Thumb Code   786  scanf_hexfp.o(.text)
    _scanf_really_infnan                     0x08001879   Thumb Code   292  scanf_infnan.o(.text)
    _sys_exit                                0x080019ad   Thumb Code     8  sys_exit.o(.text)
    __I$use$semihosting                      0x080019b9   Thumb Code     0  use_no_semi.o(.text)
    __use_no_semihosting_swi                 0x080019b9   Thumb Code     2  use_no_semi.o(.text)
    __semihosting_library_function           0x080019bb   Thumb Code     0  indicate_semi.o(.text)
    SystemInit                               0x080019c1   Thumb Code    18  system_stm32f7xx.o(.text.SystemInit)
    UART5_IRQHandler                         0x080019d9   Thumb Code  1242  paula.o(.text.UART5_IRQHandler)
    RCC_config()                             0x08001eb9   Thumb Code    42  paula.o(.text._Z10RCC_configv)
    GPIO_config()                            0x08001ee9   Thumb Code    42  paula.o(.text._Z11GPIO_configv)
    SysTick_Init()                           0x08001f19   Thumb Code    28  paula.o(.text._Z12SysTick_Initv)
    SysTick_Wait(unsigned int)               0x08001f39   Thumb Code    56  paula.o(.text._Z12SysTick_Waitj)
    USART_config()                           0x08001f71   Thumb Code   100  paula.o(.text._Z12USART_configv)
    SysTick_Wait1ms(unsigned int)            0x08001fd9   Thumb Code    44  paula.o(.text._Z15SysTick_Wait1msj)
    angulos(int)                             0x08002009   Thumb Code   440  paula.o(.text._Z7angulosi)
    main                                     0x08002239   Thumb Code    32  paula.o(.text.main)
    __btod_div_common                        0x08002259   Thumb Code   696  btod.o(CL$$btod_div_common)
    _e2d                                     0x08002591   Thumb Code   122  btod.o(CL$$btod_e2d)
    _e2e                                     0x08002615   Thumb Code   220  btod.o(CL$$btod_e2e)
    _btod_ediv                               0x080026f1   Thumb Code    42  btod.o(CL$$btod_ediv)
    _btod_edivd                              0x0800271b   Thumb Code    42  btod.o(CL$$btod_edivd)
    _btod_emul                               0x08002745   Thumb Code    42  btod.o(CL$$btod_emul)
    _btod_emuld                              0x0800276f   Thumb Code    42  btod.o(CL$$btod_emuld)
    __btod_mult_common                       0x08002799   Thumb Code   580  btod.o(CL$$btod_mult_common)
    __hardfp___mathlib_tofloat               0x080029dd   Thumb Code   186  narrow.o(i.__hardfp___mathlib_tofloat)
    __mathlib_dbl_overflow                   0x08002aa1   Thumb Code    10  dunder.o(i.__mathlib_dbl_overflow)
    __mathlib_dbl_underflow                  0x08002ab9   Thumb Code    10  dunder.o(i.__mathlib_dbl_underflow)
    __mathlib_narrow                         0x08002ad1   Thumb Code    18  narrow.o(i.__mathlib_narrow)
    __support_ldexp                          0x08002ae3   Thumb Code   166  ldexp.o(i.__support_ldexp)
    _is_digit                                0x08002b89   Thumb Code    14  scanf_fp.o(i._is_digit)
    frexp                                    0x08002b99   Thumb Code   118  frexp.o(i.frexp)
    _get_lc_numeric                          0x08002c25   Thumb Code    44  lc_numeric_c.o(locale$$code)
    _get_lc_ctype                            0x08002c51   Thumb Code    44  lc_ctype_c.o(locale$$code)
    __fpl_dcheck_NaN1                        0x08002c7d   Thumb Code    10  dcheck1.o(x$fpl$dcheck1)
    _fp_init                                 0x08002c8d   Thumb Code    26  fpinit.o(x$fpl$fpinit)
    __fplib_config_fpu_vfp                   0x08002ca5   Thumb Code     0  fpinit.o(x$fpl$fpinit)
    __fplib_config_pureend_doubles           0x08002ca5   Thumb Code     0  fpinit.o(x$fpl$fpinit)
    __ieee_status                            0x08002ca7   Thumb Code     6  istatus.o(x$fpl$ieeestatus)
    __fpl_return_NaN                         0x08002cad   Thumb Code   100  retnan.o(x$fpl$retnan)
    __ARM_scalbn                             0x08002d11   Thumb Code    92  scalbn.o(x$fpl$scalbn)
    _scanf_real                              0x08002d6d   Thumb Code     4  scanf1.o(x$fpl$scanf1)
    _scanf_hex_real                          0x08002d71   Thumb Code     4  scanf2.o(x$fpl$scanf2)
    _scanf_infnan                            0x08002d75   Thumb Code     4  scanf2.o(x$fpl$scanf2)
    __fpl_cmpreturn                          0x08002d79   Thumb Code    48  trapv.o(x$fpl$trapveneer)
    __I$use$fp                               0x08002da8   Number         0  usenofp.o(x$fpl$usenofp)
    Region$$Table$$Base                      0x08002e60   Number         0  anon$$obj.o(Region$$Table)
    Region$$Table$$Limit                     0x08002e80   Number         0  anon$$obj.o(Region$$Table)
    __aeabi_HUGE_VAL                         0x08002e80   Data           0  fpconst.o(c$$dinf)
    __aeabi_HUGE_VALL                        0x08002e80   Data           0  fpconst.o(c$$dinf)
    __aeabi_INFINITY                         0x08002e80   Data           0  fpconst.o(c$$dinf)
    __dInf                                   0x08002e80   Data           0  fpconst.o(c$$dinf)
    __huge_val                               0x08002e80   Data           0  fpconst.o(c$$dinf)
    __dbl_max                                0x08002e88   Data           0  fpconst.o(c$$dmax)
    __ctype                                  0x08002eb9   Data           0  lc_ctype_c.o(locale$$data)
    Mas                                      0x20020000   Data           1  paula.o(.data.Mas)
    pos                                      0x20020004   Data          32  paula.o(.data.pos)
    __libspace_start                         0x20020028   Data          96  libspace.o(.bss)
    BAUDRATE                                 0x20020088   Data           4  paula.o(.bss.BAUDRATE)
    __temporary_stack_top$libspace           0x20020088   Data           0  libspace.o(.bss)
    Menos                                    0x2002008c   Data           1  paula.o(.bss.Menos)
    Over8                                    0x20020090   Data           4  paula.o(.bss.Over8)
    ctd                                      0x20020094   Data           4  paula.o(.bss.ctd)
    dato                                     0x20020098   Data          10  paula.o(.bss.dato)
    guardar                                  0x200200a4   Data           4  paula.o(.bss.guardar)
    i                                        0x200200a8   Data           4  paula.o(.bss.i)
    melo                                     0x200200ac   Data           1  paula.o(.bss.melo)
    posan                                    0x200200b0   Data           4  paula.o(.bss.posan)
    posn                                     0x200200b4   Data           4  paula.o(.bss.posn)



==============================================================================

Memory Map of the image

  Image Entry point : 0x080002b5

  Load Region LR_1 (Base: 0x08000000, Size: 0x00002fe0, Max: 0xffffffff, ABSOLUTE)

    Execution Region ER_RO (Exec base: 0x08000000, Load base: 0x08000000, Size: 0x00002fbc, Max: 0xffffffff, ABSOLUTE)

    Exec Addr    Load Addr    Size         Type   Attr      Idx    E Section Name        Object

    0x08000000   0x08000000   0x000001f8   Data   RO           58    RESET               startup_stm32f767xx.o
    0x080001f8   0x080001f8   0x00000008   Code   RO           91  * !!!main             c_w.l(__main.o)
    0x08000200   0x08000200   0x00000034   Code   RO          433    !!!scatter          c_w.l(__scatter.o)
    0x08000234   0x08000234   0x0000001a   Code   RO          435    !!handler_copy      c_w.l(__scatter_copy.o)
    0x0800024e   0x0800024e   0x00000002   PAD
    0x08000250   0x08000250   0x0000001c   Code   RO          437    !!handler_zi        c_w.l(__scatter_zi.o)
    0x0800026c   0x0800026c   0x00000002   Code   RO          205    .ARM.Collect$$libinit$$00000000  c_w.l(libinit.o)
    0x0800026e   0x0800026e   0x00000004   Code   RO          262    .ARM.Collect$$libinit$$00000001  c_w.l(libinit2.o)
    0x08000272   0x08000272   0x00000000   Code   RO          265    .ARM.Collect$$libinit$$00000004  c_w.l(libinit2.o)
    0x08000272   0x08000272   0x00000000   Code   RO          267    .ARM.Collect$$libinit$$00000006  c_w.l(libinit2.o)
    0x08000272   0x08000272   0x00000000   Code   RO          270    .ARM.Collect$$libinit$$0000000C  c_w.l(libinit2.o)
    0x08000272   0x08000272   0x00000000   Code   RO          272    .ARM.Collect$$libinit$$0000000E  c_w.l(libinit2.o)
    0x08000272   0x08000272   0x00000000   Code   RO          274    .ARM.Collect$$libinit$$00000010  c_w.l(libinit2.o)
    0x08000272   0x08000272   0x00000006   Code   RO          275    .ARM.Collect$$libinit$$00000011  c_w.l(libinit2.o)
    0x08000278   0x08000278   0x00000000   Code   RO          277    .ARM.Collect$$libinit$$00000013  c_w.l(libinit2.o)
    0x08000278   0x08000278   0x0000000c   Code   RO          278    .ARM.Collect$$libinit$$00000014  c_w.l(libinit2.o)
    0x08000284   0x08000284   0x00000000   Code   RO          279    .ARM.Collect$$libinit$$00000015  c_w.l(libinit2.o)
    0x08000284   0x08000284   0x00000000   Code   RO          281    .ARM.Collect$$libinit$$00000017  c_w.l(libinit2.o)
    0x08000284   0x08000284   0x0000000a   Code   RO          282    .ARM.Collect$$libinit$$00000018  c_w.l(libinit2.o)
    0x0800028e   0x0800028e   0x00000000   Code   RO          283    .ARM.Collect$$libinit$$00000019  c_w.l(libinit2.o)
    0x0800028e   0x0800028e   0x00000000   Code   RO          285    .ARM.Collect$$libinit$$0000001B  c_w.l(libinit2.o)
    0x0800028e   0x0800028e   0x00000000   Code   RO          287    .ARM.Collect$$libinit$$0000001D  c_w.l(libinit2.o)
    0x0800028e   0x0800028e   0x00000000   Code   RO          289    .ARM.Collect$$libinit$$0000001F  c_w.l(libinit2.o)
    0x0800028e   0x0800028e   0x00000000   Code   RO          291    .ARM.Collect$$libinit$$00000021  c_w.l(libinit2.o)
    0x0800028e   0x0800028e   0x00000000   Code   RO          293    .ARM.Collect$$libinit$$00000023  c_w.l(libinit2.o)
    0x0800028e   0x0800028e   0x00000000   Code   RO          295    .ARM.Collect$$libinit$$00000025  c_w.l(libinit2.o)
    0x0800028e   0x0800028e   0x00000000   Code   RO          297    .ARM.Collect$$libinit$$00000027  c_w.l(libinit2.o)
    0x0800028e   0x0800028e   0x00000000   Code   RO          301    .ARM.Collect$$libinit$$0000002E  c_w.l(libinit2.o)
    0x0800028e   0x0800028e   0x00000000   Code   RO          303    .ARM.Collect$$libinit$$00000030  c_w.l(libinit2.o)
    0x0800028e   0x0800028e   0x00000000   Code   RO          305    .ARM.Collect$$libinit$$00000032  c_w.l(libinit2.o)
    0x0800028e   0x0800028e   0x00000000   Code   RO          307    .ARM.Collect$$libinit$$00000034  c_w.l(libinit2.o)
    0x0800028e   0x0800028e   0x00000002   Code   RO          308    .ARM.Collect$$libinit$$00000035  c_w.l(libinit2.o)
    0x08000290   0x08000290   0x00000002   Code   RO          347    .ARM.Collect$$libshutdown$$00000000  c_w.l(libshutdown.o)
    0x08000292   0x08000292   0x00000000   Code   RO          378    .ARM.Collect$$libshutdown$$00000002  c_w.l(libshutdown2.o)
    0x08000292   0x08000292   0x00000000   Code   RO          380    .ARM.Collect$$libshutdown$$00000004  c_w.l(libshutdown2.o)
    0x08000292   0x08000292   0x00000000   Code   RO          383    .ARM.Collect$$libshutdown$$00000007  c_w.l(libshutdown2.o)
    0x08000292   0x08000292   0x00000000   Code   RO          386    .ARM.Collect$$libshutdown$$0000000A  c_w.l(libshutdown2.o)
    0x08000292   0x08000292   0x00000000   Code   RO          388    .ARM.Collect$$libshutdown$$0000000C  c_w.l(libshutdown2.o)
    0x08000292   0x08000292   0x00000000   Code   RO          391    .ARM.Collect$$libshutdown$$0000000F  c_w.l(libshutdown2.o)
    0x08000292   0x08000292   0x00000002   Code   RO          392    .ARM.Collect$$libshutdown$$00000010  c_w.l(libshutdown2.o)
    0x08000294   0x08000294   0x00000000   Code   RO           93    .ARM.Collect$$rtentry$$00000000  c_w.l(__rtentry.o)
    0x08000294   0x08000294   0x00000000   Code   RO          115    .ARM.Collect$$rtentry$$00000002  c_w.l(__rtentry2.o)
    0x08000294   0x08000294   0x00000006   Code   RO          127    .ARM.Collect$$rtentry$$00000004  c_w.l(__rtentry4.o)
    0x0800029a   0x0800029a   0x00000000   Code   RO          117    .ARM.Collect$$rtentry$$00000009  c_w.l(__rtentry2.o)
    0x0800029a   0x0800029a   0x00000004   Code   RO          118    .ARM.Collect$$rtentry$$0000000A  c_w.l(__rtentry2.o)
    0x0800029e   0x0800029e   0x00000000   Code   RO          120    .ARM.Collect$$rtentry$$0000000C  c_w.l(__rtentry2.o)
    0x0800029e   0x0800029e   0x00000008   Code   RO          121    .ARM.Collect$$rtentry$$0000000D  c_w.l(__rtentry2.o)
    0x080002a6   0x080002a6   0x00000002   Code   RO          230    .ARM.Collect$$rtexit$$00000000  c_w.l(rtexit.o)
    0x080002a8   0x080002a8   0x00000000   Code   RO          316    .ARM.Collect$$rtexit$$00000002  c_w.l(rtexit2.o)
    0x080002a8   0x080002a8   0x00000004   Code   RO          317    .ARM.Collect$$rtexit$$00000003  c_w.l(rtexit2.o)
    0x080002ac   0x080002ac   0x00000006   Code   RO          318    .ARM.Collect$$rtexit$$00000004  c_w.l(rtexit2.o)
    0x080002b2   0x080002b2   0x00000002   PAD
    0x080002b4   0x080002b4   0x00000040   Code   RO           59  * .text               startup_stm32f767xx.o
    0x080002f4   0x080002f4   0x0000003c   Code   RO           81    .text               c_w.l(sscanf.o)
    0x08000330   0x08000330   0x0000007c   Code   RO           87    .text               c_w.l(strcmpv7m_pel.o)
    0x080003ac   0x080003ac   0x00000006   Code   RO           89    .text               c_w.l(heapauxi.o)
    0x080003b2   0x080003b2   0x00000156   Code   RO           94    .text               c_w.l(_scanf_longlong.o)
    0x08000508   0x08000508   0x0000014c   Code   RO           96    .text               c_w.l(_scanf_int.o)
    0x08000654   0x08000654   0x000000e0   Code   RO           98    .text               c_w.l(_scanf_str.o)
    0x08000734   0x08000734   0x0000002c   Code   RO          100    .text               c_w.l(scanf_char.o)
    0x08000760   0x08000760   0x00000040   Code   RO          102    .text               c_w.l(_sgetc.o)
    0x080007a0   0x080007a0   0x00000114   Code   RO          104    .text               c_w.l(_scanf_mbtowc.o)
    0x080008b4   0x080008b4   0x000000e8   Code   RO          106    .text               c_w.l(_scanf_wctomb.o)
    0x0800099c   0x0800099c   0x000000d0   Code   RO          108    .text               c_w.l(_scanf_wstr.o)
    0x08000a6c   0x08000a6c   0x00000012   Code   RO          129    .text               c_w.l(isspace.o)
    0x08000a7e   0x08000a7e   0x0000001c   Code   RO          131    .text               c_w.l(_chval.o)
    0x08000a9a   0x08000a9a   0x00000002   PAD
    0x08000a9c   0x08000a9c   0x00000374   Code   RO          133    .text               c_w.l(_scanf.o)
    0x08000e10   0x08000e10   0x000004f8   Code   RO          135    .text               c_w.l(scanf_fp.o)
    0x08001308   0x08001308   0x0000001e   Code   RO          141    .text               c_w.l(_scanf_wcharmap.o)
    0x08001326   0x08001326   0x00000040   Code   RO          143    .text               c_w.l(_mbrtoc16.o)
    0x08001366   0x08001366   0x00000048   Code   RO          145    .text               c_w.l(_c16rtomb.o)
    0x080013ae   0x080013ae   0x0000004a   Code   RO          149    .text               c_w.l(sys_stackheap_outer.o)
    0x080013f8   0x080013f8   0x00000010   Code   RO          151    .text               c_w.l(rt_ctype_table.o)
    0x08001408   0x08001408   0x00000008   Code   RO          156    .text               c_w.l(rt_locale_intlibspace.o)
    0x08001410   0x08001410   0x00000008   Code   RO          161    .text               c_w.l(rt_errno_addr_intlibspace.o)
    0x08001418   0x08001418   0x00000026   Code   RO          163    .text               c_w.l(llshl.o)
    0x0800143e   0x0800143e   0x00000002   PAD
    0x08001440   0x08001440   0x000000e4   Code   RO          167    .text               c_w.l(bigflt0.o)
    0x08001524   0x08001524   0x00000012   Code   RO          198    .text               c_w.l(exit.o)
    0x08001536   0x08001536   0x00000002   PAD
    0x08001538   0x08001538   0x00000008   Code   RO          227    .text               c_w.l(libspace.o)
    0x08001540   0x08001540   0x00000016   Code   RO          232    .text               c_w.l(_rserrno.o)
    0x08001556   0x08001556   0x00000002   PAD
    0x08001558   0x08001558   0x00000320   Code   RO          253    .text               c_w.l(scanf_hexfp.o)
    0x08001878   0x08001878   0x00000134   Code   RO          255    .text               c_w.l(scanf_infnan.o)
    0x080019ac   0x080019ac   0x0000000c   Code   RO          337    .text               c_w.l(sys_exit.o)
    0x080019b8   0x080019b8   0x00000002   Code   RO          368    .text               c_w.l(use_no_semi.o)
    0x080019ba   0x080019ba   0x00000000   Code   RO          370    .text               c_w.l(indicate_semi.o)
    0x080019ba   0x080019ba   0x00000006   PAD
    0x080019c0   0x080019c0   0x00000012   Code   RO           66    .text.SystemInit    system_stm32f7xx.o
    0x080019d2   0x080019d2   0x00000006   PAD
    0x080019d8   0x080019d8   0x000004da   Code   RO           12    .text.UART5_IRQHandler  paula.o
    0x08001eb2   0x08001eb2   0x00000006   PAD
    0x08001eb8   0x08001eb8   0x0000002a   Code   RO            6    .text._Z10RCC_configv  paula.o
    0x08001ee2   0x08001ee2   0x00000006   PAD
    0x08001ee8   0x08001ee8   0x0000002a   Code   RO            8    .text._Z11GPIO_configv  paula.o
    0x08001f12   0x08001f12   0x00000006   PAD
    0x08001f18   0x08001f18   0x0000001c   Code   RO            4    .text._Z12SysTick_Initv  paula.o
    0x08001f34   0x08001f34   0x00000004   PAD
    0x08001f38   0x08001f38   0x00000038   Code   RO           24    .text._Z12SysTick_Waitj  paula.o
    0x08001f70   0x08001f70   0x00000064   Code   RO           10    .text._Z12USART_configv  paula.o
    0x08001fd4   0x08001fd4   0x00000004   PAD
    0x08001fd8   0x08001fd8   0x0000002c   Code   RO           26    .text._Z15SysTick_Wait1msj  paula.o
    0x08002004   0x08002004   0x00000004   PAD
    0x08002008   0x08002008   0x000001b8   Code   RO           14    .text._Z7angulosi   paula.o
    0x080021c0   0x080021c0   0x00000030   Code   RO           18    .text._ZL16__NVIC_EnableIRQ9IRQn_Type  paula.o
    0x080021f0   0x080021f0   0x00000042   Code   RO           16    .text._ZL18__NVIC_SetPriority9IRQn_Typej  paula.o
    0x08002232   0x08002232   0x00000006   PAD
    0x08002238   0x08002238   0x00000020   Code   RO            2    .text.main          paula.o
    0x08002258   0x08002258   0x00000338   Code   RO          180    CL$$btod_div_common  c_w.l(btod.o)
    0x08002590   0x08002590   0x00000084   Code   RO          178    CL$$btod_e2d        c_w.l(btod.o)
    0x08002614   0x08002614   0x000000dc   Code   RO          177    CL$$btod_e2e        c_w.l(btod.o)
    0x080026f0   0x080026f0   0x0000002a   Code   RO          174    CL$$btod_ediv       c_w.l(btod.o)
    0x0800271a   0x0800271a   0x0000002a   Code   RO          176    CL$$btod_edivd      c_w.l(btod.o)
    0x08002744   0x08002744   0x0000002a   Code   RO          173    CL$$btod_emul       c_w.l(btod.o)
    0x0800276e   0x0800276e   0x0000002a   Code   RO          175    CL$$btod_emuld      c_w.l(btod.o)
    0x08002798   0x08002798   0x00000244   Code   RO          179    CL$$btod_mult_common  c_w.l(btod.o)
    0x080029dc   0x080029dc   0x000000c4   Code   RO          219    i.__hardfp___mathlib_tofloat  m_wv.l(narrow.o)
    0x08002aa0   0x08002aa0   0x00000018   Code   RO          354    i.__mathlib_dbl_overflow  m_wv.l(dunder.o)
    0x08002ab8   0x08002ab8   0x00000018   Code   RO          356    i.__mathlib_dbl_underflow  m_wv.l(dunder.o)
    0x08002ad0   0x08002ad0   0x00000012   Code   RO          220    i.__mathlib_narrow  m_wv.l(narrow.o)
    0x08002ae2   0x08002ae2   0x000000a6   Code   RO          331    i.__support_ldexp   m_wv.l(ldexp.o)
    0x08002b88   0x08002b88   0x0000000e   Code   RO          137    i._is_digit         c_w.l(scanf_fp.o)
    0x08002b96   0x08002b96   0x00000002   PAD
    0x08002b98   0x08002b98   0x0000008c   Code   RO          311    i.frexp             m_wv.l(frexp.o)
    0x08002c24   0x08002c24   0x0000002c   Code   RO          196    locale$$code        c_w.l(lc_numeric_c.o)
    0x08002c50   0x08002c50   0x0000002c   Code   RO          260    locale$$code        c_w.l(lc_ctype_c.o)
    0x08002c7c   0x08002c7c   0x00000010   Code   RO          393    x$fpl$dcheck1       fz_wv.l(dcheck1.o)
    0x08002c8c   0x08002c8c   0x0000001a   Code   RO          327    x$fpl$fpinit        fz_wv.l(fpinit.o)
    0x08002ca6   0x08002ca6   0x00000006   Code   RO          210    x$fpl$ieeestatus    fz_wv.l(istatus.o)
    0x08002cac   0x08002cac   0x00000064   Code   RO          401    x$fpl$retnan        fz_wv.l(retnan.o)
    0x08002d10   0x08002d10   0x0000005c   Code   RO          348    x$fpl$scalbn        fz_wv.l(scalbn.o)
    0x08002d6c   0x08002d6c   0x00000004   Code   RO          112    x$fpl$scanf1        fz_wv.l(scanf1.o)
    0x08002d70   0x08002d70   0x00000008   Code   RO          212    x$fpl$scanf2        fz_wv.l(scanf2.o)
    0x08002d78   0x08002d78   0x00000030   Code   RO          407    x$fpl$trapveneer    fz_wv.l(trapv.o)
    0x08002da8   0x08002da8   0x00000000   Code   RO          218    x$fpl$usenofp       fz_wv.l(usenofp.o)
    0x08002da8   0x08002da8   0x00000094   Data   RO          168    .constdata          c_w.l(bigflt0.o)
    0x08002e3c   0x08002e3c   0x00000021   Data   RO           48    .rodata.str1.1      paula.o
    0x08002e5d   0x08002e5d   0x00000003   PAD
    0x08002e60   0x08002e60   0x00000020   Data   RO          432    Region$$Table       anon$$obj.o
    0x08002e80   0x08002e80   0x00000008   Data   RO          206    c$$dinf             fz_wv.l(fpconst.o)
    0x08002e88   0x08002e88   0x00000008   Data   RO          209    c$$dmax             fz_wv.l(fpconst.o)
    0x08002e90   0x08002e90   0x0000001c   Data   RO          195    locale$$data        c_w.l(lc_numeric_c.o)
    0x08002eac   0x08002eac   0x00000110   Data   RO          259    locale$$data        c_w.l(lc_ctype_c.o)


    Execution Region ER_RW (Exec base: 0x20020000, Load base: 0x08002fbc, Size: 0x00000024, Max: 0xffffffff, ABSOLUTE)

    Exec Addr    Load Addr    Size         Type   Attr      Idx    E Section Name        Object

    0x20020000   0x08002fbc   0x00000001   Data   RW           39    .data.Mas           paula.o
    0x20020001   0x08002fbd   0x00000003   PAD
    0x20020004   0x08002fc0   0x00000020   Data   RW           45    .data.pos           paula.o


    Execution Region ER_ZI (Exec base: 0x20020028, Load base: 0x08002fe0, Size: 0x00000690, Max: 0xffffffff, ABSOLUTE)

    Exec Addr    Load Addr    Size         Type   Attr      Idx    E Section Name        Object

    0x20020028        -       0x00000060   Zero   RW          228    .bss                c_w.l(libspace.o)
    0x20020088        -       0x00000004   Zero   RW           28    .bss.BAUDRATE       paula.o
    0x2002008c        -       0x00000001   Zero   RW           38    .bss.Menos          paula.o
    0x2002008d   0x08002fe0   0x00000003   PAD
    0x20020090        -       0x00000004   Zero   RW           29    .bss.Over8          paula.o
    0x20020094        -       0x00000004   Zero   RW           36    .bss.ctd            paula.o
    0x20020098        -       0x0000000a   Zero   RW           30    .bss.dato           paula.o
    0x200200a2   0x08002fe0   0x00000002   PAD
    0x200200a4        -       0x00000004   Zero   RW           46    .bss.guardar        paula.o
    0x200200a8        -       0x00000004   Zero   RW           33    .bss.i              paula.o
    0x200200ac        -       0x00000001   Zero   RW           47    .bss.melo           paula.o
    0x200200ad   0x08002fe0   0x00000003   PAD
    0x200200b0        -       0x00000004   Zero   RW           44    .bss.posan          paula.o
    0x200200b4        -       0x00000004   Zero   RW           43    .bss.posn           paula.o
    0x200200b8        -       0x00000200   Zero   RW           57    HEAP                startup_stm32f767xx.o
    0x200202b8        -       0x00000400   Zero   RW           56    STACK               startup_stm32f767xx.o


==============================================================================

Image component sizes


      Code (inc. data)   RO Data    RW Data    ZI Data      Debug   Object Name

      2140          0         33         33         40      25971   paula.o
        64         26        504          0       1536        912   startup_stm32f767xx.o
        18          0          0          0          0       3413   system_stm32f7xx.o

    ----------------------------------------------------------------------
      2264         26        572         36       1584      30296   Object Totals
         0          0         32          0          0          0   (incl. Generated)
        42          0          3          3          8          0   (incl. Padding)

    ----------------------------------------------------------------------

      Code (inc. data)   RO Data    RW Data    ZI Data      Debug   Library Member Name

         8          0          0          0          0         68   __main.o
         0          0          0          0          0          0   __rtentry.o
        12          0          0          0          0          0   __rtentry2.o
         6          0          0          0          0          0   __rtentry4.o
        52          8          0          0          0          0   __scatter.o
        26          0          0          0          0          0   __scatter_copy.o
        28          0          0          0          0          0   __scatter_zi.o
        72          0          0          0          0         96   _c16rtomb.o
        28          0          0          0          0         68   _chval.o
        64          0          0          0          0         84   _mbrtoc16.o
        22          0          0          0          0        100   _rserrno.o
       884          6          0          0          0        100   _scanf.o
       332          0          0          0          0         96   _scanf_int.o
       342          0          0          0          0        100   _scanf_longlong.o
       276          0          0          0          0        100   _scanf_mbtowc.o
       224          0          0          0          0         96   _scanf_str.o
        30          0          0          0          0         76   _scanf_wcharmap.o
       232          0          0          0          0        100   _scanf_wctomb.o
       208          0          0          0          0         96   _scanf_wstr.o
        64          0          0          0          0         84   _sgetc.o
       228          4        148          0          0         96   bigflt0.o
      1924        136          0          0          0        752   btod.o
        18          0          0          0          0         80   exit.o
         6          0          0          0          0        152   heapauxi.o
         0          0          0          0          0          0   indicate_semi.o
        18          0          0          0          0         76   isspace.o
        44         10        272          0          0         76   lc_ctype_c.o
        44         10         28          0          0         76   lc_numeric_c.o
         2          0          0          0          0          0   libinit.o
        34          0          0          0          0          0   libinit2.o
         2          0          0          0          0          0   libshutdown.o
         2          0          0          0          0          0   libshutdown2.o
         8          4          0          0         96         68   libspace.o
        38          0          0          0          0         68   llshl.o
        16          4          0          0          0         76   rt_ctype_table.o
         8          4          0          0          0         68   rt_errno_addr_intlibspace.o
         8          4          0          0          0         68   rt_locale_intlibspace.o
         2          0          0          0          0          0   rtexit.o
        10          0          0          0          0          0   rtexit2.o
        44          8          0          0          0         84   scanf_char.o
      1286         16          0          0          0        236   scanf_fp.o
       800         14          0          0          0        100   scanf_hexfp.o
       308         16          0          0          0        100   scanf_infnan.o
        60          8          0          0          0         84   sscanf.o
       124          0          0          0          0         88   strcmpv7m_pel.o
        12          4          0          0          0         68   sys_exit.o
        74          0          0          0          0         80   sys_stackheap_outer.o
         2          0          0          0          0         68   use_no_semi.o
        16          4          0          0          0        116   dcheck1.o
         0          0         16          0          0          0   fpconst.o
        26          0          0          0          0        116   fpinit.o
         6          0          0          0          0        116   istatus.o
       100          0          0          0          0        116   retnan.o
        92          0          0          0          0        116   scalbn.o
         4          0          0          0          0        116   scanf1.o
         8          0          0          0          0        132   scanf2.o
        48          0          0          0          0        116   trapv.o
         0          0          0          0          0          0   usenofp.o
        48         28          0          0          0        232   dunder.o
       140         22          0          0          0        128   frexp.o
       166          0          0          0          0        148   ldexp.o
       214         10          0          0          0        292   narrow.o

    ----------------------------------------------------------------------
      8920        320        464          0         96       5572   Library Totals
        20          0          0          0          0          0   (incl. Padding)

    ----------------------------------------------------------------------

      Code (inc. data)   RO Data    RW Data    ZI Data      Debug   Library Name

      8032        256        448          0         96       3828   c_w.l
       300          4         16          0          0        944   fz_wv.l
       568         60          0          0          0        800   m_wv.l

    ----------------------------------------------------------------------
      8920        320        464          0         96       5572   Library Totals

    ----------------------------------------------------------------------

==============================================================================


      Code (inc. data)   RO Data    RW Data    ZI Data      Debug   

     11184        346       1036         36       1680      32620   Grand Totals
     11184        346       1036         36       1680      32620   ELF Image Totals
     11184        346       1036         36          0          0   ROM Totals

==============================================================================

    Total RO  Size (Code + RO Data)                12220 (  11.93kB)
    Total RW  Size (RW Data + ZI Data)              1716 (   1.68kB)
    Total ROM Size (Code + RO Data + RW Data)      12256 (  11.97kB)

==============================================================================

